2025-02-47 14:49 o.h.validator.internal.util.Version-HV000001: Hibernate Validator 8.0.2.Final
2025-02-47 14:49 c.b.S.StomachForceApplication-Starting StomachForceApplication using Java 17.0.13 with PID 19936 (C:\Users\Playdata\Desktop\StomachForce\build\classes\java\main started by Playdata in C:\Users\Playdata\Desktop\StomachForce)
2025-02-47 14:49 c.b.S.StomachForceApplication-No active profile set, falling back to 1 default profile: "default"
2025-02-47 14:49 o.s.d.r.c.RepositoryConfigurationDelegate-Multiple Spring Data modules found, entering strict repository configuration mode
2025-02-47 14:49 o.s.d.r.c.RepositoryConfigurationDelegate-Bootstrapping Spring Data JPA repositories in DEFAULT mode.
2025-02-47 14:49 o.s.d.r.c.RepositoryConfigurationDelegate-Finished Spring Data repository scanning in 272 ms. Found 16 JPA repository interfaces.
2025-02-47 14:49 o.s.d.r.c.RepositoryConfigurationDelegate-Multiple Spring Data modules found, entering strict repository configuration mode
2025-02-47 14:49 o.s.d.r.c.RepositoryConfigurationDelegate-Bootstrapping Spring Data Redis repositories in DEFAULT mode.
2025-02-47 14:49 o.s.d.r.c.RepositoryConfigurationExtensionSupport-Spring Data Redis - Could not safely identify store assignment for repository candidate interface com.beyond.StomachForce.allergyInfo.repository.AllergyInfoRepository; If you want this repository to be a Redis repository, consider annotating your entities with one of these annotations: org.springframework.data.redis.core.RedisHash (preferred), or consider extending one of the following types with your repository: org.springframework.data.keyvalue.repository.KeyValueRepository
2025-02-47 14:49 o.s.d.r.c.RepositoryConfigurationExtensionSupport-Spring Data Redis - Could not safely identify store assignment for repository candidate interface com.beyond.StomachForce.coupon.repository.CouponRepository; If you want this repository to be a Redis repository, consider annotating your entities with one of these annotations: org.springframework.data.redis.core.RedisHash (preferred), or consider extending one of the following types with your repository: org.springframework.data.keyvalue.repository.KeyValueRepository
2025-02-47 14:49 o.s.d.r.c.RepositoryConfigurationExtensionSupport-Spring Data Redis - Could not safely identify store assignment for repository candidate interface com.beyond.StomachForce.menu.repository.MenuRepository; If you want this repository to be a Redis repository, consider annotating your entities with one of these annotations: org.springframework.data.redis.core.RedisHash (preferred), or consider extending one of the following types with your repository: org.springframework.data.keyvalue.repository.KeyValueRepository
2025-02-47 14:49 o.s.d.r.c.RepositoryConfigurationExtensionSupport-Spring Data Redis - Could not safely identify store assignment for repository candidate interface com.beyond.StomachForce.Post.repository.CommentRepository; If you want this repository to be a Redis repository, consider annotating your entities with one of these annotations: org.springframework.data.redis.core.RedisHash (preferred), or consider extending one of the following types with your repository: org.springframework.data.keyvalue.repository.KeyValueRepository
2025-02-47 14:49 o.s.d.r.c.RepositoryConfigurationExtensionSupport-Spring Data Redis - Could not safely identify store assignment for repository candidate interface com.beyond.StomachForce.Post.repository.PostRepository; If you want this repository to be a Redis repository, consider annotating your entities with one of these annotations: org.springframework.data.redis.core.RedisHash (preferred), or consider extending one of the following types with your repository: org.springframework.data.keyvalue.repository.KeyValueRepository
2025-02-47 14:49 o.s.d.r.c.RepositoryConfigurationExtensionSupport-Spring Data Redis - Could not safely identify store assignment for repository candidate interface com.beyond.StomachForce.reservation.repository.ReservationRepository; If you want this repository to be a Redis repository, consider annotating your entities with one of these annotations: org.springframework.data.redis.core.RedisHash (preferred), or consider extending one of the following types with your repository: org.springframework.data.keyvalue.repository.KeyValueRepository
2025-02-47 14:49 o.s.d.r.c.RepositoryConfigurationExtensionSupport-Spring Data Redis - Could not safely identify store assignment for repository candidate interface com.beyond.StomachForce.restaurant.repository.AddressRepository; If you want this repository to be a Redis repository, consider annotating your entities with one of these annotations: org.springframework.data.redis.core.RedisHash (preferred), or consider extending one of the following types with your repository: org.springframework.data.keyvalue.repository.KeyValueRepository
2025-02-47 14:49 o.s.d.r.c.RepositoryConfigurationExtensionSupport-Spring Data Redis - Could not safely identify store assignment for repository candidate interface com.beyond.StomachForce.restaurant.repository.BookmarkRepository; If you want this repository to be a Redis repository, consider annotating your entities with one of these annotations: org.springframework.data.redis.core.RedisHash (preferred), or consider extending one of the following types with your repository: org.springframework.data.keyvalue.repository.KeyValueRepository
2025-02-47 14:49 o.s.d.r.c.RepositoryConfigurationExtensionSupport-Spring Data Redis - Could not safely identify store assignment for repository candidate interface com.beyond.StomachForce.restaurant.repository.RestaurantConvenienceRepository; If you want this repository to be a Redis repository, consider annotating your entities with one of these annotations: org.springframework.data.redis.core.RedisHash (preferred), or consider extending one of the following types with your repository: org.springframework.data.keyvalue.repository.KeyValueRepository
2025-02-47 14:49 o.s.d.r.c.RepositoryConfigurationExtensionSupport-Spring Data Redis - Could not safely identify store assignment for repository candidate interface com.beyond.StomachForce.restaurant.repository.RestaurantInfoRepository; If you want this repository to be a Redis repository, consider annotating your entities with one of these annotations: org.springframework.data.redis.core.RedisHash (preferred), or consider extending one of the following types with your repository: org.springframework.data.keyvalue.repository.KeyValueRepository
2025-02-47 14:49 o.s.d.r.c.RepositoryConfigurationExtensionSupport-Spring Data Redis - Could not safely identify store assignment for repository candidate interface com.beyond.StomachForce.restaurant.repository.RestaurantPhotoRepository; If you want this repository to be a Redis repository, consider annotating your entities with one of these annotations: org.springframework.data.redis.core.RedisHash (preferred), or consider extending one of the following types with your repository: org.springframework.data.keyvalue.repository.KeyValueRepository
2025-02-47 14:49 o.s.d.r.c.RepositoryConfigurationExtensionSupport-Spring Data Redis - Could not safely identify store assignment for repository candidate interface com.beyond.StomachForce.restaurant.repository.RestaurantRepository; If you want this repository to be a Redis repository, consider annotating your entities with one of these annotations: org.springframework.data.redis.core.RedisHash (preferred), or consider extending one of the following types with your repository: org.springframework.data.keyvalue.repository.KeyValueRepository
2025-02-47 14:49 o.s.d.r.c.RepositoryConfigurationExtensionSupport-Spring Data Redis - Could not safely identify store assignment for repository candidate interface com.beyond.StomachForce.review.repository.ReviewPhotoRepository; If you want this repository to be a Redis repository, consider annotating your entities with one of these annotations: org.springframework.data.redis.core.RedisHash (preferred), or consider extending one of the following types with your repository: org.springframework.data.keyvalue.repository.KeyValueRepository
2025-02-47 14:49 o.s.d.r.c.RepositoryConfigurationExtensionSupport-Spring Data Redis - Could not safely identify store assignment for repository candidate interface com.beyond.StomachForce.review.repository.ReviewRepository; If you want this repository to be a Redis repository, consider annotating your entities with one of these annotations: org.springframework.data.redis.core.RedisHash (preferred), or consider extending one of the following types with your repository: org.springframework.data.keyvalue.repository.KeyValueRepository
2025-02-47 14:49 o.s.d.r.c.RepositoryConfigurationExtensionSupport-Spring Data Redis - Could not safely identify store assignment for repository candidate interface com.beyond.StomachForce.User.repository.MileageRepository; If you want this repository to be a Redis repository, consider annotating your entities with one of these annotations: org.springframework.data.redis.core.RedisHash (preferred), or consider extending one of the following types with your repository: org.springframework.data.keyvalue.repository.KeyValueRepository
2025-02-47 14:49 o.s.d.r.c.RepositoryConfigurationExtensionSupport-Spring Data Redis - Could not safely identify store assignment for repository candidate interface com.beyond.StomachForce.User.repository.UserRepository; If you want this repository to be a Redis repository, consider annotating your entities with one of these annotations: org.springframework.data.redis.core.RedisHash (preferred), or consider extending one of the following types with your repository: org.springframework.data.keyvalue.repository.KeyValueRepository
2025-02-47 14:49 o.s.d.r.c.RepositoryConfigurationDelegate-Finished Spring Data repository scanning in 22 ms. Found 0 Redis repository interfaces.
2025-02-47 14:49 o.s.b.w.e.tomcat.TomcatWebServer-Tomcat initialized with port 8080 (http)
2025-02-47 14:49 o.a.coyote.http11.Http11NioProtocol-Initializing ProtocolHandler ["http-nio-8080"]
2025-02-47 14:49 o.a.catalina.core.StandardService-Starting service [Tomcat]
2025-02-47 14:49 o.a.catalina.core.StandardEngine-Starting Servlet engine: [Apache Tomcat/10.1.34]
2025-02-47 14:49 o.a.c.c.C.[Tomcat].[localhost].[/]-Initializing Spring embedded WebApplicationContext
2025-02-47 14:49 o.s.b.w.s.c.ServletWebServerApplicationContext-Root WebApplicationContext: initialization completed in 3225 ms
2025-02-47 14:49 o.h.jpa.internal.util.LogHelper-HHH000204: Processing PersistenceUnitInfo [name: default]
2025-02-47 14:49 org.hibernate.Version-HHH000412: Hibernate ORM core version 6.6.5.Final
2025-02-47 14:49 o.h.c.i.RegionFactoryInitiator-HHH000026: Second-level cache disabled
2025-02-47 14:49 o.s.o.j.p.SpringPersistenceUnitInfo-No LoadTimeWeaver setup: ignoring JPA class transformer
2025-02-47 14:49 com.zaxxer.hikari.HikariDataSource-HikariPool-1 - Starting...
2025-02-47 14:49 com.zaxxer.hikari.pool.HikariPool-HikariPool-1 - Added connection org.mariadb.jdbc.Connection@2890e479
2025-02-47 14:49 com.zaxxer.hikari.HikariDataSource-HikariPool-1 - Start completed.
2025-02-47 14:49 org.hibernate.orm.deprecation-HHH90000025: MariaDBDialect does not need to be specified explicitly using 'hibernate.dialect' (remove the property setting and it will be selected by default)
2025-02-47 14:49 o.hibernate.orm.connections.pooling-HHH10001005: Database info:
	Database JDBC URL [Connecting through datasource 'HikariDataSource (HikariPool-1)']
	Database driver: undefined/unknown
	Database version: 11.5.2
	Autocommit mode: undefined/unknown
	Isolation level: undefined/unknown
	Minimum pool size: undefined/unknown
	Maximum pool size: undefined/unknown
2025-02-47 14:49 o.h.e.t.j.p.i.JtaPlatformInitiator-HHH000489: No JTA platform available (set 'hibernate.transaction.jta.platform' to enable JTA platform integration)
2025-02-47 14:49 o.s.o.j.LocalContainerEntityManagerFactoryBean-Initialized JPA EntityManagerFactory for persistence unit 'default'
2025-02-47 14:49 o.s.d.j.r.query.QueryEnhancerFactory-Hibernate is in classpath; If applicable, HQL parser will be used.
2025-02-47 14:49 o.s.b.a.o.j.JpaBaseConfiguration$JpaWebConfiguration-spring.jpa.open-in-view is enabled by default. Therefore, database queries may be performed during view rendering. Explicitly configure spring.jpa.open-in-view to disable this warning
2025-02-47 14:49 o.s.b.a.s.s.UserDetailsServiceAutoConfiguration-

Using generated security password: 6f798c10-232a-473c-99d1-808f4784ea1f

This generated password is for development use only. Your security configuration must be updated before running your application in production.

2025-02-47 14:49 o.s.s.c.a.a.c.InitializeUserDetailsBeanManagerConfigurer$InitializeUserDetailsManagerConfigurer-Global AuthenticationManager configured with UserDetailsService bean with name inMemoryUserDetailsManager
2025-02-47 14:49 o.a.coyote.http11.Http11NioProtocol-Starting ProtocolHandler ["http-nio-8080"]
2025-02-47 14:49 o.s.b.w.e.tomcat.TomcatWebServer-Tomcat started on port 8080 (http) with context path '/'
2025-02-47 14:49 o.s.a.r.c.CachingConnectionFactory-Attempting to connect to: localhost:5672
2025-02-47 14:49 o.s.a.r.l.SimpleMessageListenerContainer-Broker not available; cannot force queue declarations during start: java.net.ConnectException: Connection refused: getsockopt
2025-02-47 14:49 o.s.a.r.c.CachingConnectionFactory-Attempting to connect to: localhost:5672
2025-02-47 14:49 o.s.a.r.l.SimpleMessageListenerContainer-Failed to check/redeclare auto-delete queue(s).
org.springframework.amqp.AmqpConnectException: java.net.ConnectException: Connection refused: getsockopt
	at org.springframework.amqp.rabbit.support.RabbitExceptionTranslator.convertRabbitAccessException(RabbitExceptionTranslator.java:61)
	at org.springframework.amqp.rabbit.connection.AbstractConnectionFactory.createBareConnection(AbstractConnectionFactory.java:633)
	at org.springframework.amqp.rabbit.connection.CachingConnectionFactory.createConnection(CachingConnectionFactory.java:726)
	at org.springframework.amqp.rabbit.connection.ConnectionFactoryUtils.createConnection(ConnectionFactoryUtils.java:257)
	at org.springframework.amqp.rabbit.core.RabbitTemplate.doExecute(RabbitTemplate.java:2262)
	at org.springframework.amqp.rabbit.core.RabbitTemplate.execute(RabbitTemplate.java:2235)
	at org.springframework.amqp.rabbit.core.RabbitTemplate.execute(RabbitTemplate.java:2215)
	at org.springframework.amqp.rabbit.core.RabbitAdmin.getQueueInfo(RabbitAdmin.java:468)
	at org.springframework.amqp.rabbit.core.RabbitAdmin.getQueueProperties(RabbitAdmin.java:452)
	at org.springframework.amqp.rabbit.listener.AbstractMessageListenerContainer.attemptDeclarations(AbstractMessageListenerContainer.java:1960)
	at org.springframework.amqp.rabbit.listener.AbstractMessageListenerContainer.redeclareElementsIfNecessary(AbstractMessageListenerContainer.java:1924)
	at org.springframework.amqp.rabbit.listener.SimpleMessageListenerContainer$AsyncMessageProcessingConsumer.initialize(SimpleMessageListenerContainer.java:1483)
	at org.springframework.amqp.rabbit.listener.SimpleMessageListenerContainer$AsyncMessageProcessingConsumer.run(SimpleMessageListenerContainer.java:1324)
	at java.base/java.lang.Thread.run(Thread.java:840)
Caused by: java.net.ConnectException: Connection refused: getsockopt
	at java.base/sun.nio.ch.Net.pollConnect(Native Method)
	at java.base/sun.nio.ch.Net.pollConnectNow(Net.java:672)
	at java.base/sun.nio.ch.NioSocketImpl.timedFinishConnect(NioSocketImpl.java:547)
	at java.base/sun.nio.ch.NioSocketImpl.connect(NioSocketImpl.java:602)
	at java.base/java.net.SocksSocketImpl.connect(SocksSocketImpl.java:327)
	at java.base/java.net.Socket.connect(Socket.java:633)
	at com.rabbitmq.client.impl.SocketFrameHandlerFactory.create(SocketFrameHandlerFactory.java:61)
	at com.rabbitmq.client.ConnectionFactory.newConnection(ConnectionFactory.java:1249)
	at com.rabbitmq.client.ConnectionFactory.newConnection(ConnectionFactory.java:1198)
	at com.rabbitmq.client.ConnectionFactory.newConnection(ConnectionFactory.java:1369)
	at org.springframework.amqp.rabbit.connection.AbstractConnectionFactory.connectHostPort(AbstractConnectionFactory.java:696)
	at org.springframework.amqp.rabbit.connection.AbstractConnectionFactory.connect(AbstractConnectionFactory.java:651)
	at org.springframework.amqp.rabbit.connection.AbstractConnectionFactory.createBareConnection(AbstractConnectionFactory.java:594)
	... 12 common frames omitted
2025-02-47 14:49 o.s.a.r.c.CachingConnectionFactory-Attempting to connect to: localhost:5672
2025-02-47 14:49 c.b.S.StomachForceApplication-Started StomachForceApplication in 11.896 seconds (process running for 14.519)
2025-02-47 14:49 o.s.a.r.l.SimpleMessageListenerContainer-Consumer raised exception, processing can restart if the connection factory supports it. Exception summary: org.springframework.amqp.AmqpConnectException: java.net.ConnectException: Connection refused: getsockopt
2025-02-47 14:49 o.s.a.r.l.SimpleMessageListenerContainer-Restarting Consumer@3651c4cd: tags=[[]], channel=null, acknowledgeMode=AUTO local queue size=0
2025-02-47 14:49 o.s.a.r.c.CachingConnectionFactory-Attempting to connect to: localhost:5672
2025-02-47 14:49 o.s.a.r.l.SimpleMessageListenerContainer-Failed to check/redeclare auto-delete queue(s).
2025-02-47 14:49 o.s.a.r.c.CachingConnectionFactory-Attempting to connect to: localhost:5672
2025-02-47 14:49 o.s.a.r.l.SimpleMessageListenerContainer-Consumer raised exception, processing can restart if the connection factory supports it. Exception summary: org.springframework.amqp.AmqpConnectException: java.net.ConnectException: Connection refused: getsockopt
2025-02-47 14:49 o.s.a.r.l.SimpleMessageListenerContainer-Restarting Consumer@3cea530a: tags=[[]], channel=null, acknowledgeMode=AUTO local queue size=0
2025-02-47 14:49 o.s.a.r.c.CachingConnectionFactory-Attempting to connect to: localhost:5672
2025-02-47 14:49 o.s.a.r.l.SimpleMessageListenerContainer-Failed to check/redeclare auto-delete queue(s).
2025-02-47 14:49 o.s.a.r.c.CachingConnectionFactory-Attempting to connect to: localhost:5672
2025-02-47 14:50 o.s.a.r.l.SimpleMessageListenerContainer-Consumer raised exception, processing can restart if the connection factory supports it. Exception summary: org.springframework.amqp.AmqpConnectException: java.net.ConnectException: Connection refused: getsockopt
2025-02-47 14:50 o.s.a.r.l.SimpleMessageListenerContainer-Restarting Consumer@4e05a99d: tags=[[]], channel=null, acknowledgeMode=AUTO local queue size=0
2025-02-47 14:50 o.s.a.r.c.CachingConnectionFactory-Attempting to connect to: localhost:5672
2025-02-47 14:50 o.s.a.r.l.SimpleMessageListenerContainer-Failed to check/redeclare auto-delete queue(s).
2025-02-47 14:50 o.s.a.r.c.CachingConnectionFactory-Attempting to connect to: localhost:5672
2025-02-47 14:50 o.s.a.r.l.SimpleMessageListenerContainer-Consumer raised exception, processing can restart if the connection factory supports it. Exception summary: org.springframework.amqp.AmqpConnectException: java.net.ConnectException: Connection refused: getsockopt
2025-02-47 14:50 o.s.a.r.l.SimpleMessageListenerContainer-Restarting Consumer@ca19056: tags=[[]], channel=null, acknowledgeMode=AUTO local queue size=0
2025-02-47 14:50 o.s.a.r.c.CachingConnectionFactory-Attempting to connect to: localhost:5672
2025-02-47 14:50 o.s.a.r.l.SimpleMessageListenerContainer-Failed to check/redeclare auto-delete queue(s).
2025-02-47 14:50 o.s.a.r.c.CachingConnectionFactory-Attempting to connect to: localhost:5672
2025-02-47 14:50 o.s.a.r.l.SimpleMessageListenerContainer-Consumer raised exception, processing can restart if the connection factory supports it. Exception summary: org.springframework.amqp.AmqpConnectException: java.net.ConnectException: Connection refused: getsockopt
2025-02-47 14:50 o.s.a.r.l.SimpleMessageListenerContainer-Restarting Consumer@28bb64e0: tags=[[]], channel=null, acknowledgeMode=AUTO local queue size=0
2025-02-47 14:50 o.s.a.r.c.CachingConnectionFactory-Attempting to connect to: localhost:5672
2025-02-47 14:50 o.s.a.r.l.SimpleMessageListenerContainer-Failed to check/redeclare auto-delete queue(s).
2025-02-47 14:50 o.s.a.r.c.CachingConnectionFactory-Attempting to connect to: localhost:5672
2025-02-47 14:50 o.s.a.r.l.SimpleMessageListenerContainer-Consumer raised exception, processing can restart if the connection factory supports it. Exception summary: org.springframework.amqp.AmqpConnectException: java.net.ConnectException: Connection refused: getsockopt
2025-02-47 14:50 o.s.a.r.l.SimpleMessageListenerContainer-Restarting Consumer@10518417: tags=[[]], channel=null, acknowledgeMode=AUTO local queue size=0
2025-02-47 14:50 o.s.a.r.c.CachingConnectionFactory-Attempting to connect to: localhost:5672
2025-02-47 14:50 o.s.a.r.l.SimpleMessageListenerContainer-Failed to check/redeclare auto-delete queue(s).
2025-02-47 14:50 o.s.a.r.c.CachingConnectionFactory-Attempting to connect to: localhost:5672
2025-02-47 14:50 o.s.a.r.l.SimpleMessageListenerContainer-Consumer raised exception, processing can restart if the connection factory supports it. Exception summary: org.springframework.amqp.AmqpConnectException: java.net.ConnectException: Connection refused: getsockopt
2025-02-47 14:50 o.s.a.r.l.SimpleMessageListenerContainer-Restarting Consumer@4e7ad0e6: tags=[[]], channel=null, acknowledgeMode=AUTO local queue size=0
2025-02-47 14:50 o.s.a.r.c.CachingConnectionFactory-Attempting to connect to: localhost:5672
2025-02-47 14:50 o.s.a.r.l.SimpleMessageListenerContainer-Failed to check/redeclare auto-delete queue(s).
2025-02-47 14:50 o.s.a.r.c.CachingConnectionFactory-Attempting to connect to: localhost:5672
2025-02-47 14:50 o.s.a.r.l.SimpleMessageListenerContainer-Consumer raised exception, processing can restart if the connection factory supports it. Exception summary: org.springframework.amqp.AmqpConnectException: java.net.ConnectException: Connection refused: getsockopt
2025-02-47 14:50 o.s.a.r.l.SimpleMessageListenerContainer-Restarting Consumer@7df8e216: tags=[[]], channel=null, acknowledgeMode=AUTO local queue size=0
2025-02-47 14:50 o.s.a.r.c.CachingConnectionFactory-Attempting to connect to: localhost:5672
2025-02-47 14:50 o.s.a.r.l.SimpleMessageListenerContainer-Failed to check/redeclare auto-delete queue(s).
2025-02-47 14:50 o.s.a.r.c.CachingConnectionFactory-Attempting to connect to: localhost:5672
2025-02-47 14:50 o.s.a.r.l.SimpleMessageListenerContainer-Restarting Consumer@1bb1cb9e: tags=[[]], channel=null, acknowledgeMode=AUTO local queue size=0
2025-02-47 14:50 o.s.a.r.c.CachingConnectionFactory-Attempting to connect to: localhost:5672
2025-02-47 14:50 o.s.a.r.c.CachingConnectionFactory-Created new connection: connectionFactory#6bc45472:19/SimpleConnection@235242c3 [delegate=amqp://guest@127.0.0.1:5672/, localPort=60785]
2025-02-47 14:50 o.h.validator.internal.util.Version-HV000001: Hibernate Validator 8.0.2.Final
2025-02-47 14:50 c.b.S.StomachForceApplication-Starting StomachForceApplication using Java 17.0.13 with PID 10676 (C:\Users\Playdata\Desktop\StomachForce\build\classes\java\main started by Playdata in C:\Users\Playdata\Desktop\StomachForce)
2025-02-47 14:50 c.b.S.StomachForceApplication-No active profile set, falling back to 1 default profile: "default"
2025-02-47 14:50 o.s.d.r.c.RepositoryConfigurationDelegate-Multiple Spring Data modules found, entering strict repository configuration mode
2025-02-47 14:50 o.s.d.r.c.RepositoryConfigurationDelegate-Bootstrapping Spring Data JPA repositories in DEFAULT mode.
2025-02-47 14:50 o.s.d.r.c.RepositoryConfigurationDelegate-Finished Spring Data repository scanning in 212 ms. Found 16 JPA repository interfaces.
2025-02-47 14:50 o.s.d.r.c.RepositoryConfigurationDelegate-Multiple Spring Data modules found, entering strict repository configuration mode
2025-02-47 14:50 o.s.d.r.c.RepositoryConfigurationDelegate-Bootstrapping Spring Data Redis repositories in DEFAULT mode.
2025-02-47 14:50 o.s.d.r.c.RepositoryConfigurationExtensionSupport-Spring Data Redis - Could not safely identify store assignment for repository candidate interface com.beyond.StomachForce.allergyInfo.repository.AllergyInfoRepository; If you want this repository to be a Redis repository, consider annotating your entities with one of these annotations: org.springframework.data.redis.core.RedisHash (preferred), or consider extending one of the following types with your repository: org.springframework.data.keyvalue.repository.KeyValueRepository
2025-02-47 14:50 o.s.d.r.c.RepositoryConfigurationExtensionSupport-Spring Data Redis - Could not safely identify store assignment for repository candidate interface com.beyond.StomachForce.coupon.repository.CouponRepository; If you want this repository to be a Redis repository, consider annotating your entities with one of these annotations: org.springframework.data.redis.core.RedisHash (preferred), or consider extending one of the following types with your repository: org.springframework.data.keyvalue.repository.KeyValueRepository
2025-02-47 14:50 o.s.d.r.c.RepositoryConfigurationExtensionSupport-Spring Data Redis - Could not safely identify store assignment for repository candidate interface com.beyond.StomachForce.menu.repository.MenuRepository; If you want this repository to be a Redis repository, consider annotating your entities with one of these annotations: org.springframework.data.redis.core.RedisHash (preferred), or consider extending one of the following types with your repository: org.springframework.data.keyvalue.repository.KeyValueRepository
2025-02-47 14:50 o.s.d.r.c.RepositoryConfigurationExtensionSupport-Spring Data Redis - Could not safely identify store assignment for repository candidate interface com.beyond.StomachForce.Post.repository.CommentRepository; If you want this repository to be a Redis repository, consider annotating your entities with one of these annotations: org.springframework.data.redis.core.RedisHash (preferred), or consider extending one of the following types with your repository: org.springframework.data.keyvalue.repository.KeyValueRepository
2025-02-47 14:50 o.s.d.r.c.RepositoryConfigurationExtensionSupport-Spring Data Redis - Could not safely identify store assignment for repository candidate interface com.beyond.StomachForce.Post.repository.PostRepository; If you want this repository to be a Redis repository, consider annotating your entities with one of these annotations: org.springframework.data.redis.core.RedisHash (preferred), or consider extending one of the following types with your repository: org.springframework.data.keyvalue.repository.KeyValueRepository
2025-02-47 14:50 o.s.d.r.c.RepositoryConfigurationExtensionSupport-Spring Data Redis - Could not safely identify store assignment for repository candidate interface com.beyond.StomachForce.reservation.repository.ReservationRepository; If you want this repository to be a Redis repository, consider annotating your entities with one of these annotations: org.springframework.data.redis.core.RedisHash (preferred), or consider extending one of the following types with your repository: org.springframework.data.keyvalue.repository.KeyValueRepository
2025-02-47 14:50 o.s.d.r.c.RepositoryConfigurationExtensionSupport-Spring Data Redis - Could not safely identify store assignment for repository candidate interface com.beyond.StomachForce.restaurant.repository.AddressRepository; If you want this repository to be a Redis repository, consider annotating your entities with one of these annotations: org.springframework.data.redis.core.RedisHash (preferred), or consider extending one of the following types with your repository: org.springframework.data.keyvalue.repository.KeyValueRepository
2025-02-47 14:50 o.s.d.r.c.RepositoryConfigurationExtensionSupport-Spring Data Redis - Could not safely identify store assignment for repository candidate interface com.beyond.StomachForce.restaurant.repository.BookmarkRepository; If you want this repository to be a Redis repository, consider annotating your entities with one of these annotations: org.springframework.data.redis.core.RedisHash (preferred), or consider extending one of the following types with your repository: org.springframework.data.keyvalue.repository.KeyValueRepository
2025-02-47 14:50 o.s.d.r.c.RepositoryConfigurationExtensionSupport-Spring Data Redis - Could not safely identify store assignment for repository candidate interface com.beyond.StomachForce.restaurant.repository.RestaurantConvenienceRepository; If you want this repository to be a Redis repository, consider annotating your entities with one of these annotations: org.springframework.data.redis.core.RedisHash (preferred), or consider extending one of the following types with your repository: org.springframework.data.keyvalue.repository.KeyValueRepository
2025-02-47 14:50 o.s.d.r.c.RepositoryConfigurationExtensionSupport-Spring Data Redis - Could not safely identify store assignment for repository candidate interface com.beyond.StomachForce.restaurant.repository.RestaurantInfoRepository; If you want this repository to be a Redis repository, consider annotating your entities with one of these annotations: org.springframework.data.redis.core.RedisHash (preferred), or consider extending one of the following types with your repository: org.springframework.data.keyvalue.repository.KeyValueRepository
2025-02-47 14:50 o.s.d.r.c.RepositoryConfigurationExtensionSupport-Spring Data Redis - Could not safely identify store assignment for repository candidate interface com.beyond.StomachForce.restaurant.repository.RestaurantPhotoRepository; If you want this repository to be a Redis repository, consider annotating your entities with one of these annotations: org.springframework.data.redis.core.RedisHash (preferred), or consider extending one of the following types with your repository: org.springframework.data.keyvalue.repository.KeyValueRepository
2025-02-47 14:50 o.s.d.r.c.RepositoryConfigurationExtensionSupport-Spring Data Redis - Could not safely identify store assignment for repository candidate interface com.beyond.StomachForce.restaurant.repository.RestaurantRepository; If you want this repository to be a Redis repository, consider annotating your entities with one of these annotations: org.springframework.data.redis.core.RedisHash (preferred), or consider extending one of the following types with your repository: org.springframework.data.keyvalue.repository.KeyValueRepository
2025-02-47 14:50 o.s.d.r.c.RepositoryConfigurationExtensionSupport-Spring Data Redis - Could not safely identify store assignment for repository candidate interface com.beyond.StomachForce.review.repository.ReviewPhotoRepository; If you want this repository to be a Redis repository, consider annotating your entities with one of these annotations: org.springframework.data.redis.core.RedisHash (preferred), or consider extending one of the following types with your repository: org.springframework.data.keyvalue.repository.KeyValueRepository
2025-02-47 14:50 o.s.d.r.c.RepositoryConfigurationExtensionSupport-Spring Data Redis - Could not safely identify store assignment for repository candidate interface com.beyond.StomachForce.review.repository.ReviewRepository; If you want this repository to be a Redis repository, consider annotating your entities with one of these annotations: org.springframework.data.redis.core.RedisHash (preferred), or consider extending one of the following types with your repository: org.springframework.data.keyvalue.repository.KeyValueRepository
2025-02-47 14:50 o.s.d.r.c.RepositoryConfigurationExtensionSupport-Spring Data Redis - Could not safely identify store assignment for repository candidate interface com.beyond.StomachForce.User.repository.MileageRepository; If you want this repository to be a Redis repository, consider annotating your entities with one of these annotations: org.springframework.data.redis.core.RedisHash (preferred), or consider extending one of the following types with your repository: org.springframework.data.keyvalue.repository.KeyValueRepository
2025-02-47 14:50 o.s.d.r.c.RepositoryConfigurationExtensionSupport-Spring Data Redis - Could not safely identify store assignment for repository candidate interface com.beyond.StomachForce.User.repository.UserRepository; If you want this repository to be a Redis repository, consider annotating your entities with one of these annotations: org.springframework.data.redis.core.RedisHash (preferred), or consider extending one of the following types with your repository: org.springframework.data.keyvalue.repository.KeyValueRepository
2025-02-47 14:50 o.s.d.r.c.RepositoryConfigurationDelegate-Finished Spring Data repository scanning in 31 ms. Found 0 Redis repository interfaces.
2025-02-47 14:50 o.s.b.w.e.tomcat.TomcatWebServer-Tomcat initialized with port 8080 (http)
2025-02-47 14:50 o.a.coyote.http11.Http11NioProtocol-Initializing ProtocolHandler ["http-nio-8080"]
2025-02-47 14:50 o.a.catalina.core.StandardService-Starting service [Tomcat]
2025-02-47 14:50 o.a.catalina.core.StandardEngine-Starting Servlet engine: [Apache Tomcat/10.1.34]
2025-02-47 14:50 o.a.c.c.C.[Tomcat].[localhost].[/]-Initializing Spring embedded WebApplicationContext
2025-02-47 14:50 o.s.b.w.s.c.ServletWebServerApplicationContext-Root WebApplicationContext: initialization completed in 2370 ms
2025-02-47 14:50 o.h.jpa.internal.util.LogHelper-HHH000204: Processing PersistenceUnitInfo [name: default]
2025-02-47 14:50 org.hibernate.Version-HHH000412: Hibernate ORM core version 6.6.5.Final
2025-02-47 14:50 o.h.c.i.RegionFactoryInitiator-HHH000026: Second-level cache disabled
2025-02-47 14:50 o.s.o.j.p.SpringPersistenceUnitInfo-No LoadTimeWeaver setup: ignoring JPA class transformer
2025-02-47 14:50 com.zaxxer.hikari.HikariDataSource-HikariPool-1 - Starting...
2025-02-47 14:50 com.zaxxer.hikari.pool.HikariPool-HikariPool-1 - Added connection org.mariadb.jdbc.Connection@62b42406
2025-02-47 14:50 com.zaxxer.hikari.HikariDataSource-HikariPool-1 - Start completed.
2025-02-47 14:50 org.hibernate.orm.deprecation-HHH90000025: MariaDBDialect does not need to be specified explicitly using 'hibernate.dialect' (remove the property setting and it will be selected by default)
2025-02-47 14:50 o.hibernate.orm.connections.pooling-HHH10001005: Database info:
	Database JDBC URL [Connecting through datasource 'HikariDataSource (HikariPool-1)']
	Database driver: undefined/unknown
	Database version: 11.5.2
	Autocommit mode: undefined/unknown
	Isolation level: undefined/unknown
	Minimum pool size: undefined/unknown
	Maximum pool size: undefined/unknown
2025-02-47 14:50 o.h.e.t.j.p.i.JtaPlatformInitiator-HHH000489: No JTA platform available (set 'hibernate.transaction.jta.platform' to enable JTA platform integration)
2025-02-47 14:50 o.s.o.j.LocalContainerEntityManagerFactoryBean-Initialized JPA EntityManagerFactory for persistence unit 'default'
2025-02-47 14:50 o.s.d.j.r.query.QueryEnhancerFactory-Hibernate is in classpath; If applicable, HQL parser will be used.
2025-02-47 14:50 o.s.b.a.o.j.JpaBaseConfiguration$JpaWebConfiguration-spring.jpa.open-in-view is enabled by default. Therefore, database queries may be performed during view rendering. Explicitly configure spring.jpa.open-in-view to disable this warning
2025-02-47 14:50 o.s.b.a.s.s.UserDetailsServiceAutoConfiguration-

Using generated security password: d1ed7242-4f4b-4a99-8a13-3bb5b58dabb4

This generated password is for development use only. Your security configuration must be updated before running your application in production.

2025-02-47 14:50 o.s.s.c.a.a.c.InitializeUserDetailsBeanManagerConfigurer$InitializeUserDetailsManagerConfigurer-Global AuthenticationManager configured with UserDetailsService bean with name inMemoryUserDetailsManager
2025-02-47 14:50 o.a.coyote.http11.Http11NioProtocol-Starting ProtocolHandler ["http-nio-8080"]
2025-02-47 14:50 o.s.b.w.e.tomcat.TomcatWebServer-Tomcat started on port 8080 (http) with context path '/'
2025-02-47 14:50 o.s.a.r.c.CachingConnectionFactory-Attempting to connect to: localhost:5672
2025-02-47 14:50 o.s.a.r.c.CachingConnectionFactory-Created new connection: connectionFactory#63f6811e:0/SimpleConnection@9d518ef [delegate=amqp://guest@127.0.0.1:5672/, localPort=60799]
2025-02-47 14:50 c.b.S.StomachForceApplication-Started StomachForceApplication in 9.817 seconds (process running for 10.429)
2025-02-47 14:52 o.a.c.c.C.[Tomcat].[localhost].[/]-Initializing Spring DispatcherServlet 'dispatcherServlet'
2025-02-47 14:52 o.s.web.servlet.DispatcherServlet-Initializing Servlet 'dispatcherServlet'
2025-02-47 14:52 o.s.web.servlet.DispatcherServlet-Completed initialization in 1 ms
2025-02-47 14:53 c.b.S.C.c.CommonExceptionHandler-Validation failed for argument [0] in public org.springframework.http.ResponseEntity<?> com.beyond.StomachForce.User.controller.UserController.postCreatePost(com.beyond.StomachForce.User.dtos.UserSaveReq) with 7 errors: [Field error in object 'userSaveReq' on field 'password': rejected value []; codes [Size.userSaveReq.password,Size.password,Size.java.lang.String,Size]; arguments [org.springframework.context.support.DefaultMessageSourceResolvable: codes [userSaveReq.password,password]; arguments []; default message [password],2147483647,8]; default message [크기가 8에서 2147483647 사이여야 합니다]] [Field error in object 'userSaveReq' on field 'phoneNumber': rejected value [null]; codes [NotEmpty.userSaveReq.phoneNumber,NotEmpty.phoneNumber,NotEmpty.java.lang.String,NotEmpty]; arguments [org.springframework.context.support.DefaultMessageSourceResolvable: codes [userSaveReq.phoneNumber,phoneNumber]; arguments []; default message [phoneNumber]]; default message [비어 있을 수 없습니다]] [Field error in object 'userSaveReq' on field 'password': rejected value []; codes [NotEmpty.userSaveReq.password,NotEmpty.password,NotEmpty.java.lang.String,NotEmpty]; arguments [org.springframework.context.support.DefaultMessageSourceResolvable: codes [userSaveReq.password,password]; arguments []; default message [password]]; default message [비어 있을 수 없습니다]] [Field error in object 'userSaveReq' on field 'nickName': rejected value [null]; codes [NotEmpty.userSaveReq.nickName,NotEmpty.nickName,NotEmpty.java.lang.String,NotEmpty]; arguments [org.springframework.context.support.DefaultMessageSourceResolvable: codes [userSaveReq.nickName,nickName]; arguments []; default message [nickName]]; default message [비어 있을 수 없습니다]] [Field error in object 'userSaveReq' on field 'name': rejected value []; codes [NotEmpty.userSaveReq.name,NotEmpty.name,NotEmpty.java.lang.String,NotEmpty]; arguments [org.springframework.context.support.DefaultMessageSourceResolvable: codes [userSaveReq.name,name]; arguments []; default message [name]]; default message [비어 있을 수 없습니다]] [Field error in object 'userSaveReq' on field 'identify': rejected value [null]; codes [NotEmpty.userSaveReq.identify,NotEmpty.identify,NotEmpty.java.lang.String,NotEmpty]; arguments [org.springframework.context.support.DefaultMessageSourceResolvable: codes [userSaveReq.identify,identify]; arguments []; default message [identify]]; default message [비어 있을 수 없습니다]] [Field error in object 'userSaveReq' on field 'email': rejected value []; codes [NotEmpty.userSaveReq.email,NotEmpty.email,NotEmpty.java.lang.String,NotEmpty]; arguments [org.springframework.context.support.DefaultMessageSourceResolvable: codes [userSaveReq.email,email]; arguments []; default message [email]]; default message [비어 있을 수 없습니다]] 
2025-02-47 14:53 c.b.S.C.c.CommonExceptionHandler-Validation failed for argument [0] in public org.springframework.http.ResponseEntity<?> com.beyond.StomachForce.User.controller.UserController.postCreatePost(com.beyond.StomachForce.User.dtos.UserSaveReq) with 4 errors: [Field error in object 'userSaveReq' on field 'password': rejected value [1234]; codes [Size.userSaveReq.password,Size.password,Size.java.lang.String,Size]; arguments [org.springframework.context.support.DefaultMessageSourceResolvable: codes [userSaveReq.password,password]; arguments []; default message [password],2147483647,8]; default message [크기가 8에서 2147483647 사이여야 합니다]] [Field error in object 'userSaveReq' on field 'identify': rejected value [null]; codes [NotEmpty.userSaveReq.identify,NotEmpty.identify,NotEmpty.java.lang.String,NotEmpty]; arguments [org.springframework.context.support.DefaultMessageSourceResolvable: codes [userSaveReq.identify,identify]; arguments []; default message [identify]]; default message [비어 있을 수 없습니다]] [Field error in object 'userSaveReq' on field 'nickName': rejected value [null]; codes [NotEmpty.userSaveReq.nickName,NotEmpty.nickName,NotEmpty.java.lang.String,NotEmpty]; arguments [org.springframework.context.support.DefaultMessageSourceResolvable: codes [userSaveReq.nickName,nickName]; arguments []; default message [nickName]]; default message [비어 있을 수 없습니다]] [Field error in object 'userSaveReq' on field 'phoneNumber': rejected value [null]; codes [NotEmpty.userSaveReq.phoneNumber,NotEmpty.phoneNumber,NotEmpty.java.lang.String,NotEmpty]; arguments [org.springframework.context.support.DefaultMessageSourceResolvable: codes [userSaveReq.phoneNumber,phoneNumber]; arguments []; default message [phoneNumber]]; default message [비어 있을 수 없습니다]] 
2025-02-47 14:57 c.b.S.C.c.CommonExceptionHandler-Validation failed for argument [0] in public org.springframework.http.ResponseEntity<?> com.beyond.StomachForce.User.controller.UserController.postCreatePost(com.beyond.StomachForce.User.dtos.UserSaveReq): [Field error in object 'userSaveReq' on field 'password': rejected value [1234]; codes [Size.userSaveReq.password,Size.password,Size.java.lang.String,Size]; arguments [org.springframework.context.support.DefaultMessageSourceResolvable: codes [userSaveReq.password,password]; arguments []; default message [password],2147483647,8]; default message [크기가 8에서 2147483647 사이여야 합니다]] 
2025-02-47 15:00 c.b.S.C.c.CommonExceptionHandler-Validation failed for argument [0] in public org.springframework.http.ResponseEntity<?> com.beyond.StomachForce.User.controller.UserController.postCreatePost(com.beyond.StomachForce.User.dtos.UserSaveReq): [Field error in object 'userSaveReq' on field 'password': rejected value [1234]; codes [Size.userSaveReq.password,Size.password,Size.java.lang.String,Size]; arguments [org.springframework.context.support.DefaultMessageSourceResolvable: codes [userSaveReq.password,password]; arguments []; default message [password],2147483647,8]; default message [크기가 8에서 2147483647 사이여야 합니다]] 
2025-02-47 15:00 c.b.S.C.c.CommonExceptionHandler-Validation failed for argument [0] in public org.springframework.http.ResponseEntity<?> com.beyond.StomachForce.User.controller.UserController.postCreatePost(com.beyond.StomachForce.User.dtos.UserSaveReq): [Field error in object 'userSaveReq' on field 'password': rejected value [1234]; codes [Size.userSaveReq.password,Size.password,Size.java.lang.String,Size]; arguments [org.springframework.context.support.DefaultMessageSourceResolvable: codes [userSaveReq.password,password]; arguments []; default message [password],2147483647,8]; default message [크기가 8에서 2147483647 사이여야 합니다]] 
2025-02-47 15:09 c.b.S.C.c.CommonExceptionHandler-ID 또는 비밀번호가 일치하지 않습니다.
2025-02-47 15:36 com.zaxxer.hikari.pool.HikariPool-HikariPool-1 - Thread starvation or clock leap detected (housekeeper delta=22m33s208ms26µs500ns).
2025-02-47 16:15 o.h.validator.internal.util.Version-HV000001: Hibernate Validator 8.0.2.Final
2025-02-47 16:15 c.b.S.StomachForceApplication-Starting StomachForceApplication using Java 17.0.13 with PID 21172 (C:\Users\Playdata\Desktop\StomachForce\build\classes\java\main started by Playdata in C:\Users\Playdata\Desktop\StomachForce)
2025-02-47 16:15 c.b.S.StomachForceApplication-No active profile set, falling back to 1 default profile: "default"
2025-02-47 16:15 o.s.d.r.c.RepositoryConfigurationDelegate-Multiple Spring Data modules found, entering strict repository configuration mode
2025-02-47 16:15 o.s.d.r.c.RepositoryConfigurationDelegate-Bootstrapping Spring Data JPA repositories in DEFAULT mode.
2025-02-47 16:15 o.s.d.r.c.RepositoryConfigurationDelegate-Finished Spring Data repository scanning in 319 ms. Found 16 JPA repository interfaces.
2025-02-47 16:15 o.s.d.r.c.RepositoryConfigurationDelegate-Multiple Spring Data modules found, entering strict repository configuration mode
2025-02-47 16:15 o.s.d.r.c.RepositoryConfigurationDelegate-Bootstrapping Spring Data Redis repositories in DEFAULT mode.
2025-02-47 16:15 o.s.d.r.c.RepositoryConfigurationExtensionSupport-Spring Data Redis - Could not safely identify store assignment for repository candidate interface com.beyond.StomachForce.allergyInfo.repository.AllergyInfoRepository; If you want this repository to be a Redis repository, consider annotating your entities with one of these annotations: org.springframework.data.redis.core.RedisHash (preferred), or consider extending one of the following types with your repository: org.springframework.data.keyvalue.repository.KeyValueRepository
2025-02-47 16:15 o.s.d.r.c.RepositoryConfigurationExtensionSupport-Spring Data Redis - Could not safely identify store assignment for repository candidate interface com.beyond.StomachForce.coupon.repository.CouponRepository; If you want this repository to be a Redis repository, consider annotating your entities with one of these annotations: org.springframework.data.redis.core.RedisHash (preferred), or consider extending one of the following types with your repository: org.springframework.data.keyvalue.repository.KeyValueRepository
2025-02-47 16:15 o.s.d.r.c.RepositoryConfigurationExtensionSupport-Spring Data Redis - Could not safely identify store assignment for repository candidate interface com.beyond.StomachForce.menu.repository.MenuRepository; If you want this repository to be a Redis repository, consider annotating your entities with one of these annotations: org.springframework.data.redis.core.RedisHash (preferred), or consider extending one of the following types with your repository: org.springframework.data.keyvalue.repository.KeyValueRepository
2025-02-47 16:15 o.s.d.r.c.RepositoryConfigurationExtensionSupport-Spring Data Redis - Could not safely identify store assignment for repository candidate interface com.beyond.StomachForce.Post.repository.CommentRepository; If you want this repository to be a Redis repository, consider annotating your entities with one of these annotations: org.springframework.data.redis.core.RedisHash (preferred), or consider extending one of the following types with your repository: org.springframework.data.keyvalue.repository.KeyValueRepository
2025-02-47 16:15 o.s.d.r.c.RepositoryConfigurationExtensionSupport-Spring Data Redis - Could not safely identify store assignment for repository candidate interface com.beyond.StomachForce.Post.repository.PostRepository; If you want this repository to be a Redis repository, consider annotating your entities with one of these annotations: org.springframework.data.redis.core.RedisHash (preferred), or consider extending one of the following types with your repository: org.springframework.data.keyvalue.repository.KeyValueRepository
2025-02-47 16:15 o.s.d.r.c.RepositoryConfigurationExtensionSupport-Spring Data Redis - Could not safely identify store assignment for repository candidate interface com.beyond.StomachForce.reservation.repository.ReservationRepository; If you want this repository to be a Redis repository, consider annotating your entities with one of these annotations: org.springframework.data.redis.core.RedisHash (preferred), or consider extending one of the following types with your repository: org.springframework.data.keyvalue.repository.KeyValueRepository
2025-02-47 16:15 o.s.d.r.c.RepositoryConfigurationExtensionSupport-Spring Data Redis - Could not safely identify store assignment for repository candidate interface com.beyond.StomachForce.restaurant.repository.AddressRepository; If you want this repository to be a Redis repository, consider annotating your entities with one of these annotations: org.springframework.data.redis.core.RedisHash (preferred), or consider extending one of the following types with your repository: org.springframework.data.keyvalue.repository.KeyValueRepository
2025-02-47 16:15 o.s.d.r.c.RepositoryConfigurationExtensionSupport-Spring Data Redis - Could not safely identify store assignment for repository candidate interface com.beyond.StomachForce.restaurant.repository.BookmarkRepository; If you want this repository to be a Redis repository, consider annotating your entities with one of these annotations: org.springframework.data.redis.core.RedisHash (preferred), or consider extending one of the following types with your repository: org.springframework.data.keyvalue.repository.KeyValueRepository
2025-02-47 16:15 o.s.d.r.c.RepositoryConfigurationExtensionSupport-Spring Data Redis - Could not safely identify store assignment for repository candidate interface com.beyond.StomachForce.restaurant.repository.RestaurantConvenienceRepository; If you want this repository to be a Redis repository, consider annotating your entities with one of these annotations: org.springframework.data.redis.core.RedisHash (preferred), or consider extending one of the following types with your repository: org.springframework.data.keyvalue.repository.KeyValueRepository
2025-02-47 16:15 o.s.d.r.c.RepositoryConfigurationExtensionSupport-Spring Data Redis - Could not safely identify store assignment for repository candidate interface com.beyond.StomachForce.restaurant.repository.RestaurantInfoRepository; If you want this repository to be a Redis repository, consider annotating your entities with one of these annotations: org.springframework.data.redis.core.RedisHash (preferred), or consider extending one of the following types with your repository: org.springframework.data.keyvalue.repository.KeyValueRepository
2025-02-47 16:15 o.s.d.r.c.RepositoryConfigurationExtensionSupport-Spring Data Redis - Could not safely identify store assignment for repository candidate interface com.beyond.StomachForce.restaurant.repository.RestaurantPhotoRepository; If you want this repository to be a Redis repository, consider annotating your entities with one of these annotations: org.springframework.data.redis.core.RedisHash (preferred), or consider extending one of the following types with your repository: org.springframework.data.keyvalue.repository.KeyValueRepository
2025-02-47 16:15 o.s.d.r.c.RepositoryConfigurationExtensionSupport-Spring Data Redis - Could not safely identify store assignment for repository candidate interface com.beyond.StomachForce.restaurant.repository.RestaurantRepository; If you want this repository to be a Redis repository, consider annotating your entities with one of these annotations: org.springframework.data.redis.core.RedisHash (preferred), or consider extending one of the following types with your repository: org.springframework.data.keyvalue.repository.KeyValueRepository
2025-02-47 16:15 o.s.d.r.c.RepositoryConfigurationExtensionSupport-Spring Data Redis - Could not safely identify store assignment for repository candidate interface com.beyond.StomachForce.review.repository.ReviewPhotoRepository; If you want this repository to be a Redis repository, consider annotating your entities with one of these annotations: org.springframework.data.redis.core.RedisHash (preferred), or consider extending one of the following types with your repository: org.springframework.data.keyvalue.repository.KeyValueRepository
2025-02-47 16:15 o.s.d.r.c.RepositoryConfigurationExtensionSupport-Spring Data Redis - Could not safely identify store assignment for repository candidate interface com.beyond.StomachForce.review.repository.ReviewRepository; If you want this repository to be a Redis repository, consider annotating your entities with one of these annotations: org.springframework.data.redis.core.RedisHash (preferred), or consider extending one of the following types with your repository: org.springframework.data.keyvalue.repository.KeyValueRepository
2025-02-47 16:15 o.s.d.r.c.RepositoryConfigurationExtensionSupport-Spring Data Redis - Could not safely identify store assignment for repository candidate interface com.beyond.StomachForce.User.repository.MileageRepository; If you want this repository to be a Redis repository, consider annotating your entities with one of these annotations: org.springframework.data.redis.core.RedisHash (preferred), or consider extending one of the following types with your repository: org.springframework.data.keyvalue.repository.KeyValueRepository
2025-02-47 16:15 o.s.d.r.c.RepositoryConfigurationExtensionSupport-Spring Data Redis - Could not safely identify store assignment for repository candidate interface com.beyond.StomachForce.User.repository.UserRepository; If you want this repository to be a Redis repository, consider annotating your entities with one of these annotations: org.springframework.data.redis.core.RedisHash (preferred), or consider extending one of the following types with your repository: org.springframework.data.keyvalue.repository.KeyValueRepository
2025-02-47 16:15 o.s.d.r.c.RepositoryConfigurationDelegate-Finished Spring Data repository scanning in 41 ms. Found 0 Redis repository interfaces.
2025-02-47 16:15 o.s.b.w.e.tomcat.TomcatWebServer-Tomcat initialized with port 8080 (http)
2025-02-47 16:15 o.a.coyote.http11.Http11NioProtocol-Initializing ProtocolHandler ["http-nio-8080"]
2025-02-47 16:15 o.a.catalina.core.StandardService-Starting service [Tomcat]
2025-02-47 16:15 o.a.catalina.core.StandardEngine-Starting Servlet engine: [Apache Tomcat/10.1.34]
2025-02-47 16:15 o.a.c.c.C.[Tomcat].[localhost].[/]-Initializing Spring embedded WebApplicationContext
2025-02-47 16:15 o.s.b.w.s.c.ServletWebServerApplicationContext-Root WebApplicationContext: initialization completed in 4142 ms
2025-02-47 16:15 o.h.jpa.internal.util.LogHelper-HHH000204: Processing PersistenceUnitInfo [name: default]
2025-02-47 16:15 org.hibernate.Version-HHH000412: Hibernate ORM core version 6.6.5.Final
2025-02-47 16:15 o.h.c.i.RegionFactoryInitiator-HHH000026: Second-level cache disabled
2025-02-47 16:15 o.s.o.j.p.SpringPersistenceUnitInfo-No LoadTimeWeaver setup: ignoring JPA class transformer
2025-02-47 16:15 com.zaxxer.hikari.HikariDataSource-HikariPool-1 - Starting...
2025-02-47 16:15 com.zaxxer.hikari.pool.HikariPool-HikariPool-1 - Added connection org.mariadb.jdbc.Connection@23c72128
2025-02-47 16:15 com.zaxxer.hikari.HikariDataSource-HikariPool-1 - Start completed.
2025-02-47 16:15 org.hibernate.orm.deprecation-HHH90000025: MariaDBDialect does not need to be specified explicitly using 'hibernate.dialect' (remove the property setting and it will be selected by default)
2025-02-47 16:15 o.hibernate.orm.connections.pooling-HHH10001005: Database info:
	Database JDBC URL [Connecting through datasource 'HikariDataSource (HikariPool-1)']
	Database driver: undefined/unknown
	Database version: 11.5.2
	Autocommit mode: undefined/unknown
	Isolation level: undefined/unknown
	Minimum pool size: undefined/unknown
	Maximum pool size: undefined/unknown
2025-02-47 16:15 o.h.e.t.j.p.i.JtaPlatformInitiator-HHH000489: No JTA platform available (set 'hibernate.transaction.jta.platform' to enable JTA platform integration)
2025-02-47 16:15 o.s.o.j.LocalContainerEntityManagerFactoryBean-Initialized JPA EntityManagerFactory for persistence unit 'default'
2025-02-47 16:15 o.s.d.j.r.query.QueryEnhancerFactory-Hibernate is in classpath; If applicable, HQL parser will be used.
2025-02-47 16:15 o.s.b.a.o.j.JpaBaseConfiguration$JpaWebConfiguration-spring.jpa.open-in-view is enabled by default. Therefore, database queries may be performed during view rendering. Explicitly configure spring.jpa.open-in-view to disable this warning
2025-02-47 16:15 o.s.b.a.s.s.UserDetailsServiceAutoConfiguration-

Using generated security password: b8df285f-7860-4eea-b40e-494f65c4b072

This generated password is for development use only. Your security configuration must be updated before running your application in production.

2025-02-47 16:15 o.s.s.c.a.a.c.InitializeUserDetailsBeanManagerConfigurer$InitializeUserDetailsManagerConfigurer-Global AuthenticationManager configured with UserDetailsService bean with name inMemoryUserDetailsManager
2025-02-47 16:15 o.a.coyote.http11.Http11NioProtocol-Starting ProtocolHandler ["http-nio-8080"]
2025-02-47 16:15 o.s.b.w.e.tomcat.TomcatWebServer-Tomcat started on port 8080 (http) with context path '/'
2025-02-47 16:15 o.s.a.r.c.CachingConnectionFactory-Attempting to connect to: localhost:5672
2025-02-47 16:16 o.s.a.r.c.CachingConnectionFactory-Created new connection: connectionFactory#20834c45:0/SimpleConnection@4ef6a2fd [delegate=amqp://guest@127.0.0.1:5672/, localPort=63125]
2025-02-47 16:16 c.b.S.StomachForceApplication-Started StomachForceApplication in 23.818 seconds (process running for 24.927)
2025-02-47 16:16 o.a.c.c.C.[Tomcat].[localhost].[/]-Initializing Spring DispatcherServlet 'dispatcherServlet'
2025-02-47 16:16 o.s.web.servlet.DispatcherServlet-Initializing Servlet 'dispatcherServlet'
2025-02-47 16:16 o.s.web.servlet.DispatcherServlet-Completed initialization in 0 ms
2025-02-47 16:28 com.zaxxer.hikari.pool.HikariPool-HikariPool-1 - Thread starvation or clock leap detected (housekeeper delta=6m26s908ms747µs500ns).
2025-02-47 17:05 o.h.validator.internal.util.Version-HV000001: Hibernate Validator 8.0.2.Final
2025-02-47 17:05 c.b.S.StomachForceApplication-Starting StomachForceApplication using Java 17.0.13 with PID 12276 (C:\Users\Playdata\Desktop\StomachForce\build\classes\java\main started by Playdata in C:\Users\Playdata\Desktop\StomachForce)
2025-02-47 17:05 c.b.S.StomachForceApplication-No active profile set, falling back to 1 default profile: "default"
2025-02-47 17:05 o.s.d.r.c.RepositoryConfigurationDelegate-Multiple Spring Data modules found, entering strict repository configuration mode
2025-02-47 17:05 o.s.d.r.c.RepositoryConfigurationDelegate-Bootstrapping Spring Data JPA repositories in DEFAULT mode.
2025-02-47 17:05 o.s.d.r.c.RepositoryConfigurationDelegate-Finished Spring Data repository scanning in 321 ms. Found 16 JPA repository interfaces.
2025-02-47 17:05 o.s.d.r.c.RepositoryConfigurationDelegate-Multiple Spring Data modules found, entering strict repository configuration mode
2025-02-47 17:05 o.s.d.r.c.RepositoryConfigurationDelegate-Bootstrapping Spring Data Redis repositories in DEFAULT mode.
2025-02-47 17:05 o.s.d.r.c.RepositoryConfigurationExtensionSupport-Spring Data Redis - Could not safely identify store assignment for repository candidate interface com.beyond.StomachForce.allergyInfo.repository.AllergyInfoRepository; If you want this repository to be a Redis repository, consider annotating your entities with one of these annotations: org.springframework.data.redis.core.RedisHash (preferred), or consider extending one of the following types with your repository: org.springframework.data.keyvalue.repository.KeyValueRepository
2025-02-47 17:05 o.s.d.r.c.RepositoryConfigurationExtensionSupport-Spring Data Redis - Could not safely identify store assignment for repository candidate interface com.beyond.StomachForce.coupon.repository.CouponRepository; If you want this repository to be a Redis repository, consider annotating your entities with one of these annotations: org.springframework.data.redis.core.RedisHash (preferred), or consider extending one of the following types with your repository: org.springframework.data.keyvalue.repository.KeyValueRepository
2025-02-47 17:05 o.s.d.r.c.RepositoryConfigurationExtensionSupport-Spring Data Redis - Could not safely identify store assignment for repository candidate interface com.beyond.StomachForce.menu.repository.MenuRepository; If you want this repository to be a Redis repository, consider annotating your entities with one of these annotations: org.springframework.data.redis.core.RedisHash (preferred), or consider extending one of the following types with your repository: org.springframework.data.keyvalue.repository.KeyValueRepository
2025-02-47 17:05 o.s.d.r.c.RepositoryConfigurationExtensionSupport-Spring Data Redis - Could not safely identify store assignment for repository candidate interface com.beyond.StomachForce.Post.repository.CommentRepository; If you want this repository to be a Redis repository, consider annotating your entities with one of these annotations: org.springframework.data.redis.core.RedisHash (preferred), or consider extending one of the following types with your repository: org.springframework.data.keyvalue.repository.KeyValueRepository
2025-02-47 17:05 o.s.d.r.c.RepositoryConfigurationExtensionSupport-Spring Data Redis - Could not safely identify store assignment for repository candidate interface com.beyond.StomachForce.Post.repository.PostRepository; If you want this repository to be a Redis repository, consider annotating your entities with one of these annotations: org.springframework.data.redis.core.RedisHash (preferred), or consider extending one of the following types with your repository: org.springframework.data.keyvalue.repository.KeyValueRepository
2025-02-47 17:05 o.s.d.r.c.RepositoryConfigurationExtensionSupport-Spring Data Redis - Could not safely identify store assignment for repository candidate interface com.beyond.StomachForce.reservation.repository.ReservationRepository; If you want this repository to be a Redis repository, consider annotating your entities with one of these annotations: org.springframework.data.redis.core.RedisHash (preferred), or consider extending one of the following types with your repository: org.springframework.data.keyvalue.repository.KeyValueRepository
2025-02-47 17:05 o.s.d.r.c.RepositoryConfigurationExtensionSupport-Spring Data Redis - Could not safely identify store assignment for repository candidate interface com.beyond.StomachForce.restaurant.repository.AddressRepository; If you want this repository to be a Redis repository, consider annotating your entities with one of these annotations: org.springframework.data.redis.core.RedisHash (preferred), or consider extending one of the following types with your repository: org.springframework.data.keyvalue.repository.KeyValueRepository
2025-02-47 17:05 o.s.d.r.c.RepositoryConfigurationExtensionSupport-Spring Data Redis - Could not safely identify store assignment for repository candidate interface com.beyond.StomachForce.restaurant.repository.BookmarkRepository; If you want this repository to be a Redis repository, consider annotating your entities with one of these annotations: org.springframework.data.redis.core.RedisHash (preferred), or consider extending one of the following types with your repository: org.springframework.data.keyvalue.repository.KeyValueRepository
2025-02-47 17:05 o.s.d.r.c.RepositoryConfigurationExtensionSupport-Spring Data Redis - Could not safely identify store assignment for repository candidate interface com.beyond.StomachForce.restaurant.repository.RestaurantConvenienceRepository; If you want this repository to be a Redis repository, consider annotating your entities with one of these annotations: org.springframework.data.redis.core.RedisHash (preferred), or consider extending one of the following types with your repository: org.springframework.data.keyvalue.repository.KeyValueRepository
2025-02-47 17:05 o.s.d.r.c.RepositoryConfigurationExtensionSupport-Spring Data Redis - Could not safely identify store assignment for repository candidate interface com.beyond.StomachForce.restaurant.repository.RestaurantInfoRepository; If you want this repository to be a Redis repository, consider annotating your entities with one of these annotations: org.springframework.data.redis.core.RedisHash (preferred), or consider extending one of the following types with your repository: org.springframework.data.keyvalue.repository.KeyValueRepository
2025-02-47 17:05 o.s.d.r.c.RepositoryConfigurationExtensionSupport-Spring Data Redis - Could not safely identify store assignment for repository candidate interface com.beyond.StomachForce.restaurant.repository.RestaurantPhotoRepository; If you want this repository to be a Redis repository, consider annotating your entities with one of these annotations: org.springframework.data.redis.core.RedisHash (preferred), or consider extending one of the following types with your repository: org.springframework.data.keyvalue.repository.KeyValueRepository
2025-02-47 17:05 o.s.d.r.c.RepositoryConfigurationExtensionSupport-Spring Data Redis - Could not safely identify store assignment for repository candidate interface com.beyond.StomachForce.restaurant.repository.RestaurantRepository; If you want this repository to be a Redis repository, consider annotating your entities with one of these annotations: org.springframework.data.redis.core.RedisHash (preferred), or consider extending one of the following types with your repository: org.springframework.data.keyvalue.repository.KeyValueRepository
2025-02-47 17:05 o.s.d.r.c.RepositoryConfigurationExtensionSupport-Spring Data Redis - Could not safely identify store assignment for repository candidate interface com.beyond.StomachForce.review.repository.ReviewPhotoRepository; If you want this repository to be a Redis repository, consider annotating your entities with one of these annotations: org.springframework.data.redis.core.RedisHash (preferred), or consider extending one of the following types with your repository: org.springframework.data.keyvalue.repository.KeyValueRepository
2025-02-47 17:05 o.s.d.r.c.RepositoryConfigurationExtensionSupport-Spring Data Redis - Could not safely identify store assignment for repository candidate interface com.beyond.StomachForce.review.repository.ReviewRepository; If you want this repository to be a Redis repository, consider annotating your entities with one of these annotations: org.springframework.data.redis.core.RedisHash (preferred), or consider extending one of the following types with your repository: org.springframework.data.keyvalue.repository.KeyValueRepository
2025-02-47 17:05 o.s.d.r.c.RepositoryConfigurationExtensionSupport-Spring Data Redis - Could not safely identify store assignment for repository candidate interface com.beyond.StomachForce.User.repository.MileageRepository; If you want this repository to be a Redis repository, consider annotating your entities with one of these annotations: org.springframework.data.redis.core.RedisHash (preferred), or consider extending one of the following types with your repository: org.springframework.data.keyvalue.repository.KeyValueRepository
2025-02-47 17:05 o.s.d.r.c.RepositoryConfigurationExtensionSupport-Spring Data Redis - Could not safely identify store assignment for repository candidate interface com.beyond.StomachForce.User.repository.UserRepository; If you want this repository to be a Redis repository, consider annotating your entities with one of these annotations: org.springframework.data.redis.core.RedisHash (preferred), or consider extending one of the following types with your repository: org.springframework.data.keyvalue.repository.KeyValueRepository
2025-02-47 17:05 o.s.d.r.c.RepositoryConfigurationDelegate-Finished Spring Data repository scanning in 38 ms. Found 0 Redis repository interfaces.
2025-02-47 17:05 o.s.b.w.e.tomcat.TomcatWebServer-Tomcat initialized with port 8080 (http)
2025-02-47 17:05 o.a.coyote.http11.Http11NioProtocol-Initializing ProtocolHandler ["http-nio-8080"]
2025-02-47 17:05 o.a.catalina.core.StandardService-Starting service [Tomcat]
2025-02-47 17:05 o.a.catalina.core.StandardEngine-Starting Servlet engine: [Apache Tomcat/10.1.34]
2025-02-47 17:05 o.a.c.c.C.[Tomcat].[localhost].[/]-Initializing Spring embedded WebApplicationContext
2025-02-47 17:05 o.s.b.w.s.c.ServletWebServerApplicationContext-Root WebApplicationContext: initialization completed in 4138 ms
2025-02-47 17:05 o.h.jpa.internal.util.LogHelper-HHH000204: Processing PersistenceUnitInfo [name: default]
2025-02-47 17:05 org.hibernate.Version-HHH000412: Hibernate ORM core version 6.6.5.Final
2025-02-47 17:05 o.h.c.i.RegionFactoryInitiator-HHH000026: Second-level cache disabled
2025-02-47 17:05 o.s.o.j.p.SpringPersistenceUnitInfo-No LoadTimeWeaver setup: ignoring JPA class transformer
2025-02-47 17:05 com.zaxxer.hikari.HikariDataSource-HikariPool-1 - Starting...
2025-02-47 17:05 com.zaxxer.hikari.pool.HikariPool-HikariPool-1 - Added connection org.mariadb.jdbc.Connection@4d174189
2025-02-47 17:05 com.zaxxer.hikari.HikariDataSource-HikariPool-1 - Start completed.
2025-02-47 17:05 org.hibernate.orm.deprecation-HHH90000025: MariaDBDialect does not need to be specified explicitly using 'hibernate.dialect' (remove the property setting and it will be selected by default)
2025-02-47 17:05 o.hibernate.orm.connections.pooling-HHH10001005: Database info:
	Database JDBC URL [Connecting through datasource 'HikariDataSource (HikariPool-1)']
	Database driver: undefined/unknown
	Database version: 11.5.2
	Autocommit mode: undefined/unknown
	Isolation level: undefined/unknown
	Minimum pool size: undefined/unknown
	Maximum pool size: undefined/unknown
2025-02-47 17:05 o.h.e.t.j.p.i.JtaPlatformInitiator-HHH000489: No JTA platform available (set 'hibernate.transaction.jta.platform' to enable JTA platform integration)
2025-02-47 17:05 o.s.o.j.LocalContainerEntityManagerFactoryBean-Initialized JPA EntityManagerFactory for persistence unit 'default'
2025-02-47 17:05 o.s.d.j.r.query.QueryEnhancerFactory-Hibernate is in classpath; If applicable, HQL parser will be used.
2025-02-47 17:05 o.s.b.a.o.j.JpaBaseConfiguration$JpaWebConfiguration-spring.jpa.open-in-view is enabled by default. Therefore, database queries may be performed during view rendering. Explicitly configure spring.jpa.open-in-view to disable this warning
2025-02-47 17:05 o.s.b.a.s.s.UserDetailsServiceAutoConfiguration-

Using generated security password: 53cea667-2201-4ba3-9729-4ae882743a96

This generated password is for development use only. Your security configuration must be updated before running your application in production.

2025-02-47 17:05 o.s.s.c.a.a.c.InitializeUserDetailsBeanManagerConfigurer$InitializeUserDetailsManagerConfigurer-Global AuthenticationManager configured with UserDetailsService bean with name inMemoryUserDetailsManager
2025-02-47 17:05 o.a.coyote.http11.Http11NioProtocol-Starting ProtocolHandler ["http-nio-8080"]
2025-02-47 17:05 o.s.b.w.e.tomcat.TomcatWebServer-Tomcat started on port 8080 (http) with context path '/'
2025-02-47 17:05 o.s.a.r.c.CachingConnectionFactory-Attempting to connect to: localhost:5672
2025-02-47 17:05 o.s.a.r.c.CachingConnectionFactory-Created new connection: connectionFactory#1465914:0/SimpleConnection@25c8d646 [delegate=amqp://guest@127.0.0.1:5672/, localPort=63783]
2025-02-47 17:05 c.b.S.StomachForceApplication-Started StomachForceApplication in 22.631 seconds (process running for 23.888)
2025-02-47 17:06 o.a.c.c.C.[Tomcat].[localhost].[/]-Initializing Spring DispatcherServlet 'dispatcherServlet'
2025-02-47 17:06 o.s.web.servlet.DispatcherServlet-Initializing Servlet 'dispatcherServlet'
2025-02-47 17:06 o.s.web.servlet.DispatcherServlet-Completed initialization in 1 ms
2025-02-47 17:10 c.b.S.C.c.CommonExceptionHandler-ID 또는 비밀번호가 일치하지 않습니다.
2025-02-47 17:10 c.b.S.C.c.CommonExceptionHandler-ID 또는 비밀번호가 일치하지 않습니다.
2025-02-47 17:54 o.h.validator.internal.util.Version-HV000001: Hibernate Validator 8.0.2.Final
2025-02-47 17:54 c.b.S.StomachForceApplication-Starting StomachForceApplication using Java 17.0.13 with PID 10344 (C:\Users\Playdata\Desktop\StomachForce\build\classes\java\main started by Playdata in C:\Users\Playdata\Desktop\StomachForce)
2025-02-47 17:54 c.b.S.StomachForceApplication-No active profile set, falling back to 1 default profile: "default"
2025-02-47 17:54 o.s.d.r.c.RepositoryConfigurationDelegate-Multiple Spring Data modules found, entering strict repository configuration mode
2025-02-47 17:54 o.s.d.r.c.RepositoryConfigurationDelegate-Bootstrapping Spring Data JPA repositories in DEFAULT mode.
2025-02-47 17:54 o.s.d.r.c.RepositoryConfigurationDelegate-Finished Spring Data repository scanning in 214 ms. Found 16 JPA repository interfaces.
2025-02-47 17:54 o.s.d.r.c.RepositoryConfigurationDelegate-Multiple Spring Data modules found, entering strict repository configuration mode
2025-02-47 17:54 o.s.d.r.c.RepositoryConfigurationDelegate-Bootstrapping Spring Data Redis repositories in DEFAULT mode.
2025-02-47 17:54 o.s.d.r.c.RepositoryConfigurationExtensionSupport-Spring Data Redis - Could not safely identify store assignment for repository candidate interface com.beyond.StomachForce.allergyInfo.repository.AllergyInfoRepository; If you want this repository to be a Redis repository, consider annotating your entities with one of these annotations: org.springframework.data.redis.core.RedisHash (preferred), or consider extending one of the following types with your repository: org.springframework.data.keyvalue.repository.KeyValueRepository
2025-02-47 17:54 o.s.d.r.c.RepositoryConfigurationExtensionSupport-Spring Data Redis - Could not safely identify store assignment for repository candidate interface com.beyond.StomachForce.coupon.repository.CouponRepository; If you want this repository to be a Redis repository, consider annotating your entities with one of these annotations: org.springframework.data.redis.core.RedisHash (preferred), or consider extending one of the following types with your repository: org.springframework.data.keyvalue.repository.KeyValueRepository
2025-02-47 17:54 o.s.d.r.c.RepositoryConfigurationExtensionSupport-Spring Data Redis - Could not safely identify store assignment for repository candidate interface com.beyond.StomachForce.menu.repository.MenuRepository; If you want this repository to be a Redis repository, consider annotating your entities with one of these annotations: org.springframework.data.redis.core.RedisHash (preferred), or consider extending one of the following types with your repository: org.springframework.data.keyvalue.repository.KeyValueRepository
2025-02-47 17:54 o.s.d.r.c.RepositoryConfigurationExtensionSupport-Spring Data Redis - Could not safely identify store assignment for repository candidate interface com.beyond.StomachForce.Post.repository.CommentRepository; If you want this repository to be a Redis repository, consider annotating your entities with one of these annotations: org.springframework.data.redis.core.RedisHash (preferred), or consider extending one of the following types with your repository: org.springframework.data.keyvalue.repository.KeyValueRepository
2025-02-47 17:54 o.s.d.r.c.RepositoryConfigurationExtensionSupport-Spring Data Redis - Could not safely identify store assignment for repository candidate interface com.beyond.StomachForce.Post.repository.PostRepository; If you want this repository to be a Redis repository, consider annotating your entities with one of these annotations: org.springframework.data.redis.core.RedisHash (preferred), or consider extending one of the following types with your repository: org.springframework.data.keyvalue.repository.KeyValueRepository
2025-02-47 17:54 o.s.d.r.c.RepositoryConfigurationExtensionSupport-Spring Data Redis - Could not safely identify store assignment for repository candidate interface com.beyond.StomachForce.reservation.repository.ReservationRepository; If you want this repository to be a Redis repository, consider annotating your entities with one of these annotations: org.springframework.data.redis.core.RedisHash (preferred), or consider extending one of the following types with your repository: org.springframework.data.keyvalue.repository.KeyValueRepository
2025-02-47 17:54 o.s.d.r.c.RepositoryConfigurationExtensionSupport-Spring Data Redis - Could not safely identify store assignment for repository candidate interface com.beyond.StomachForce.restaurant.repository.AddressRepository; If you want this repository to be a Redis repository, consider annotating your entities with one of these annotations: org.springframework.data.redis.core.RedisHash (preferred), or consider extending one of the following types with your repository: org.springframework.data.keyvalue.repository.KeyValueRepository
2025-02-47 17:54 o.s.d.r.c.RepositoryConfigurationExtensionSupport-Spring Data Redis - Could not safely identify store assignment for repository candidate interface com.beyond.StomachForce.restaurant.repository.BookmarkRepository; If you want this repository to be a Redis repository, consider annotating your entities with one of these annotations: org.springframework.data.redis.core.RedisHash (preferred), or consider extending one of the following types with your repository: org.springframework.data.keyvalue.repository.KeyValueRepository
2025-02-47 17:54 o.s.d.r.c.RepositoryConfigurationExtensionSupport-Spring Data Redis - Could not safely identify store assignment for repository candidate interface com.beyond.StomachForce.restaurant.repository.RestaurantConvenienceRepository; If you want this repository to be a Redis repository, consider annotating your entities with one of these annotations: org.springframework.data.redis.core.RedisHash (preferred), or consider extending one of the following types with your repository: org.springframework.data.keyvalue.repository.KeyValueRepository
2025-02-47 17:54 o.s.d.r.c.RepositoryConfigurationExtensionSupport-Spring Data Redis - Could not safely identify store assignment for repository candidate interface com.beyond.StomachForce.restaurant.repository.RestaurantInfoRepository; If you want this repository to be a Redis repository, consider annotating your entities with one of these annotations: org.springframework.data.redis.core.RedisHash (preferred), or consider extending one of the following types with your repository: org.springframework.data.keyvalue.repository.KeyValueRepository
2025-02-47 17:54 o.s.d.r.c.RepositoryConfigurationExtensionSupport-Spring Data Redis - Could not safely identify store assignment for repository candidate interface com.beyond.StomachForce.restaurant.repository.RestaurantPhotoRepository; If you want this repository to be a Redis repository, consider annotating your entities with one of these annotations: org.springframework.data.redis.core.RedisHash (preferred), or consider extending one of the following types with your repository: org.springframework.data.keyvalue.repository.KeyValueRepository
2025-02-47 17:54 o.s.d.r.c.RepositoryConfigurationExtensionSupport-Spring Data Redis - Could not safely identify store assignment for repository candidate interface com.beyond.StomachForce.restaurant.repository.RestaurantRepository; If you want this repository to be a Redis repository, consider annotating your entities with one of these annotations: org.springframework.data.redis.core.RedisHash (preferred), or consider extending one of the following types with your repository: org.springframework.data.keyvalue.repository.KeyValueRepository
2025-02-47 17:54 o.s.d.r.c.RepositoryConfigurationExtensionSupport-Spring Data Redis - Could not safely identify store assignment for repository candidate interface com.beyond.StomachForce.review.repository.ReviewPhotoRepository; If you want this repository to be a Redis repository, consider annotating your entities with one of these annotations: org.springframework.data.redis.core.RedisHash (preferred), or consider extending one of the following types with your repository: org.springframework.data.keyvalue.repository.KeyValueRepository
2025-02-47 17:54 o.s.d.r.c.RepositoryConfigurationExtensionSupport-Spring Data Redis - Could not safely identify store assignment for repository candidate interface com.beyond.StomachForce.review.repository.ReviewRepository; If you want this repository to be a Redis repository, consider annotating your entities with one of these annotations: org.springframework.data.redis.core.RedisHash (preferred), or consider extending one of the following types with your repository: org.springframework.data.keyvalue.repository.KeyValueRepository
2025-02-47 17:54 o.s.d.r.c.RepositoryConfigurationExtensionSupport-Spring Data Redis - Could not safely identify store assignment for repository candidate interface com.beyond.StomachForce.User.repository.MileageRepository; If you want this repository to be a Redis repository, consider annotating your entities with one of these annotations: org.springframework.data.redis.core.RedisHash (preferred), or consider extending one of the following types with your repository: org.springframework.data.keyvalue.repository.KeyValueRepository
2025-02-47 17:54 o.s.d.r.c.RepositoryConfigurationExtensionSupport-Spring Data Redis - Could not safely identify store assignment for repository candidate interface com.beyond.StomachForce.User.repository.UserRepository; If you want this repository to be a Redis repository, consider annotating your entities with one of these annotations: org.springframework.data.redis.core.RedisHash (preferred), or consider extending one of the following types with your repository: org.springframework.data.keyvalue.repository.KeyValueRepository
2025-02-47 17:54 o.s.d.r.c.RepositoryConfigurationDelegate-Finished Spring Data repository scanning in 20 ms. Found 0 Redis repository interfaces.
2025-02-47 17:54 o.s.b.w.e.tomcat.TomcatWebServer-Tomcat initialized with port 8080 (http)
2025-02-47 17:54 o.a.coyote.http11.Http11NioProtocol-Initializing ProtocolHandler ["http-nio-8080"]
2025-02-47 17:54 o.a.catalina.core.StandardService-Starting service [Tomcat]
2025-02-47 17:54 o.a.catalina.core.StandardEngine-Starting Servlet engine: [Apache Tomcat/10.1.34]
2025-02-47 17:54 o.a.c.c.C.[Tomcat].[localhost].[/]-Initializing Spring embedded WebApplicationContext
2025-02-47 17:54 o.s.b.w.s.c.ServletWebServerApplicationContext-Root WebApplicationContext: initialization completed in 2377 ms
2025-02-47 17:54 o.h.jpa.internal.util.LogHelper-HHH000204: Processing PersistenceUnitInfo [name: default]
2025-02-47 17:54 org.hibernate.Version-HHH000412: Hibernate ORM core version 6.6.5.Final
2025-02-47 17:54 o.h.c.i.RegionFactoryInitiator-HHH000026: Second-level cache disabled
2025-02-47 17:54 o.s.o.j.p.SpringPersistenceUnitInfo-No LoadTimeWeaver setup: ignoring JPA class transformer
2025-02-47 17:54 com.zaxxer.hikari.HikariDataSource-HikariPool-1 - Starting...
2025-02-47 17:54 com.zaxxer.hikari.pool.HikariPool-HikariPool-1 - Added connection org.mariadb.jdbc.Connection@23c72128
2025-02-47 17:54 com.zaxxer.hikari.HikariDataSource-HikariPool-1 - Start completed.
2025-02-47 17:54 org.hibernate.orm.deprecation-HHH90000025: MariaDBDialect does not need to be specified explicitly using 'hibernate.dialect' (remove the property setting and it will be selected by default)
2025-02-47 17:54 o.hibernate.orm.connections.pooling-HHH10001005: Database info:
	Database JDBC URL [Connecting through datasource 'HikariDataSource (HikariPool-1)']
	Database driver: undefined/unknown
	Database version: 11.5.2
	Autocommit mode: undefined/unknown
	Isolation level: undefined/unknown
	Minimum pool size: undefined/unknown
	Maximum pool size: undefined/unknown
2025-02-47 17:54 o.h.e.t.j.p.i.JtaPlatformInitiator-HHH000489: No JTA platform available (set 'hibernate.transaction.jta.platform' to enable JTA platform integration)
2025-02-47 17:54 o.s.o.j.LocalContainerEntityManagerFactoryBean-Initialized JPA EntityManagerFactory for persistence unit 'default'
2025-02-47 17:54 o.s.d.j.r.query.QueryEnhancerFactory-Hibernate is in classpath; If applicable, HQL parser will be used.
2025-02-47 17:54 o.s.b.a.o.j.JpaBaseConfiguration$JpaWebConfiguration-spring.jpa.open-in-view is enabled by default. Therefore, database queries may be performed during view rendering. Explicitly configure spring.jpa.open-in-view to disable this warning
2025-02-47 17:54 o.s.b.a.s.s.UserDetailsServiceAutoConfiguration-

Using generated security password: 98c4ce0e-04e1-425a-8c86-d3d91dfc0647

This generated password is for development use only. Your security configuration must be updated before running your application in production.

2025-02-47 17:54 o.s.s.c.a.a.c.InitializeUserDetailsBeanManagerConfigurer$InitializeUserDetailsManagerConfigurer-Global AuthenticationManager configured with UserDetailsService bean with name inMemoryUserDetailsManager
2025-02-47 17:54 o.a.coyote.http11.Http11NioProtocol-Starting ProtocolHandler ["http-nio-8080"]
2025-02-47 17:54 o.s.b.w.e.tomcat.TomcatWebServer-Tomcat started on port 8080 (http) with context path '/'
2025-02-47 17:54 o.s.a.r.c.CachingConnectionFactory-Attempting to connect to: localhost:5672
2025-02-47 17:54 o.s.a.r.c.CachingConnectionFactory-Created new connection: connectionFactory#20834c45:0/SimpleConnection@15d94f22 [delegate=amqp://guest@127.0.0.1:5672/, localPort=49160]
2025-02-47 17:54 c.b.S.StomachForceApplication-Started StomachForceApplication in 9.053 seconds (process running for 9.703)
2025-02-47 17:54 o.a.c.c.C.[Tomcat].[localhost].[/]-Initializing Spring DispatcherServlet 'dispatcherServlet'
2025-02-47 17:54 o.s.web.servlet.DispatcherServlet-Initializing Servlet 'dispatcherServlet'
2025-02-47 17:54 o.s.web.servlet.DispatcherServlet-Completed initialization in 1 ms
