2025-02-41 18:06 o.h.validator.internal.util.Version-HV000001: Hibernate Validator 8.0.2.Final
2025-02-41 18:06 c.b.S.StomachForceApplication-Starting StomachForceApplication using Java 17.0.13 with PID 15272 (C:\Users\Playdata\Desktop\StomachForce\build\classes\java\main started by Playdata in C:\Users\Playdata\Desktop\StomachForce)
2025-02-41 18:06 c.b.S.StomachForceApplication-No active profile set, falling back to 1 default profile: "default"
2025-02-41 18:06 o.s.d.r.c.RepositoryConfigurationDelegate-Multiple Spring Data modules found, entering strict repository configuration mode
2025-02-41 18:06 o.s.d.r.c.RepositoryConfigurationDelegate-Bootstrapping Spring Data JPA repositories in DEFAULT mode.
2025-02-41 18:06 o.s.d.r.c.RepositoryConfigurationDelegate-Finished Spring Data repository scanning in 358 ms. Found 11 JPA repository interfaces.
2025-02-41 18:06 o.s.d.r.c.RepositoryConfigurationDelegate-Multiple Spring Data modules found, entering strict repository configuration mode
2025-02-41 18:06 o.s.d.r.c.RepositoryConfigurationDelegate-Bootstrapping Spring Data Redis repositories in DEFAULT mode.
2025-02-41 18:06 o.s.d.r.c.RepositoryConfigurationExtensionSupport-Spring Data Redis - Could not safely identify store assignment for repository candidate interface com.beyond.StomachForce.allergyInfo.repository.AllergyInfoRepository; If you want this repository to be a Redis repository, consider annotating your entities with one of these annotations: org.springframework.data.redis.core.RedisHash (preferred), or consider extending one of the following types with your repository: org.springframework.data.keyvalue.repository.KeyValueRepository
2025-02-41 18:06 o.s.d.r.c.RepositoryConfigurationExtensionSupport-Spring Data Redis - Could not safely identify store assignment for repository candidate interface com.beyond.StomachForce.menu.repository.MenuRepository; If you want this repository to be a Redis repository, consider annotating your entities with one of these annotations: org.springframework.data.redis.core.RedisHash (preferred), or consider extending one of the following types with your repository: org.springframework.data.keyvalue.repository.KeyValueRepository
2025-02-41 18:06 o.s.d.r.c.RepositoryConfigurationExtensionSupport-Spring Data Redis - Could not safely identify store assignment for repository candidate interface com.beyond.StomachForce.Post.repository.PostRepository; If you want this repository to be a Redis repository, consider annotating your entities with one of these annotations: org.springframework.data.redis.core.RedisHash (preferred), or consider extending one of the following types with your repository: org.springframework.data.keyvalue.repository.KeyValueRepository
2025-02-41 18:06 o.s.d.r.c.RepositoryConfigurationExtensionSupport-Spring Data Redis - Could not safely identify store assignment for repository candidate interface com.beyond.StomachForce.restaurant.repository.AddressRepository; If you want this repository to be a Redis repository, consider annotating your entities with one of these annotations: org.springframework.data.redis.core.RedisHash (preferred), or consider extending one of the following types with your repository: org.springframework.data.keyvalue.repository.KeyValueRepository
2025-02-41 18:06 o.s.d.r.c.RepositoryConfigurationExtensionSupport-Spring Data Redis - Could not safely identify store assignment for repository candidate interface com.beyond.StomachForce.restaurant.repository.BookmarkRepository; If you want this repository to be a Redis repository, consider annotating your entities with one of these annotations: org.springframework.data.redis.core.RedisHash (preferred), or consider extending one of the following types with your repository: org.springframework.data.keyvalue.repository.KeyValueRepository
2025-02-41 18:06 o.s.d.r.c.RepositoryConfigurationExtensionSupport-Spring Data Redis - Could not safely identify store assignment for repository candidate interface com.beyond.StomachForce.restaurant.repository.RestaurantConvenienceRepository; If you want this repository to be a Redis repository, consider annotating your entities with one of these annotations: org.springframework.data.redis.core.RedisHash (preferred), or consider extending one of the following types with your repository: org.springframework.data.keyvalue.repository.KeyValueRepository
2025-02-41 18:06 o.s.d.r.c.RepositoryConfigurationExtensionSupport-Spring Data Redis - Could not safely identify store assignment for repository candidate interface com.beyond.StomachForce.restaurant.repository.RestaurantPhotoRepository; If you want this repository to be a Redis repository, consider annotating your entities with one of these annotations: org.springframework.data.redis.core.RedisHash (preferred), or consider extending one of the following types with your repository: org.springframework.data.keyvalue.repository.KeyValueRepository
2025-02-41 18:06 o.s.d.r.c.RepositoryConfigurationExtensionSupport-Spring Data Redis - Could not safely identify store assignment for repository candidate interface com.beyond.StomachForce.restaurant.repository.RestaurantRepository; If you want this repository to be a Redis repository, consider annotating your entities with one of these annotations: org.springframework.data.redis.core.RedisHash (preferred), or consider extending one of the following types with your repository: org.springframework.data.keyvalue.repository.KeyValueRepository
2025-02-41 18:06 o.s.d.r.c.RepositoryConfigurationExtensionSupport-Spring Data Redis - Could not safely identify store assignment for repository candidate interface com.beyond.StomachForce.review.repository.ReviewPhotoRepository; If you want this repository to be a Redis repository, consider annotating your entities with one of these annotations: org.springframework.data.redis.core.RedisHash (preferred), or consider extending one of the following types with your repository: org.springframework.data.keyvalue.repository.KeyValueRepository
2025-02-41 18:06 o.s.d.r.c.RepositoryConfigurationExtensionSupport-Spring Data Redis - Could not safely identify store assignment for repository candidate interface com.beyond.StomachForce.review.repository.ReviewRepository; If you want this repository to be a Redis repository, consider annotating your entities with one of these annotations: org.springframework.data.redis.core.RedisHash (preferred), or consider extending one of the following types with your repository: org.springframework.data.keyvalue.repository.KeyValueRepository
2025-02-41 18:06 o.s.d.r.c.RepositoryConfigurationExtensionSupport-Spring Data Redis - Could not safely identify store assignment for repository candidate interface com.beyond.StomachForce.User.repository.UserRepository; If you want this repository to be a Redis repository, consider annotating your entities with one of these annotations: org.springframework.data.redis.core.RedisHash (preferred), or consider extending one of the following types with your repository: org.springframework.data.keyvalue.repository.KeyValueRepository
2025-02-41 18:06 o.s.d.r.c.RepositoryConfigurationDelegate-Finished Spring Data repository scanning in 28 ms. Found 0 Redis repository interfaces.
2025-02-41 18:06 o.s.b.w.e.tomcat.TomcatWebServer-Tomcat initialized with port 8080 (http)
2025-02-41 18:06 o.a.coyote.http11.Http11NioProtocol-Initializing ProtocolHandler ["http-nio-8080"]
2025-02-41 18:06 o.a.catalina.core.StandardService-Starting service [Tomcat]
2025-02-41 18:06 o.a.catalina.core.StandardEngine-Starting Servlet engine: [Apache Tomcat/10.1.34]
2025-02-41 18:06 o.a.c.c.C.[Tomcat].[localhost].[/]-Initializing Spring embedded WebApplicationContext
2025-02-41 18:06 o.s.b.w.s.c.ServletWebServerApplicationContext-Root WebApplicationContext: initialization completed in 5062 ms
2025-02-41 18:06 o.h.jpa.internal.util.LogHelper-HHH000204: Processing PersistenceUnitInfo [name: default]
2025-02-41 18:06 org.hibernate.Version-HHH000412: Hibernate ORM core version 6.6.5.Final
2025-02-41 18:06 o.h.c.i.RegionFactoryInitiator-HHH000026: Second-level cache disabled
2025-02-41 18:06 o.s.o.j.p.SpringPersistenceUnitInfo-No LoadTimeWeaver setup: ignoring JPA class transformer
2025-02-41 18:06 com.zaxxer.hikari.HikariDataSource-HikariPool-1 - Starting...
2025-02-41 18:06 com.zaxxer.hikari.pool.HikariPool-HikariPool-1 - Added connection org.mariadb.jdbc.Connection@4f2fdf3d
2025-02-41 18:06 com.zaxxer.hikari.HikariDataSource-HikariPool-1 - Start completed.
2025-02-41 18:06 org.hibernate.orm.deprecation-HHH90000025: MariaDBDialect does not need to be specified explicitly using 'hibernate.dialect' (remove the property setting and it will be selected by default)
2025-02-41 18:06 o.hibernate.orm.connections.pooling-HHH10001005: Database info:
	Database JDBC URL [Connecting through datasource 'HikariDataSource (HikariPool-1)']
	Database driver: undefined/unknown
	Database version: 11.5.2
	Autocommit mode: undefined/unknown
	Isolation level: undefined/unknown
	Minimum pool size: undefined/unknown
	Maximum pool size: undefined/unknown
2025-02-41 18:06 o.h.e.t.j.p.i.JtaPlatformInitiator-HHH000489: No JTA platform available (set 'hibernate.transaction.jta.platform' to enable JTA platform integration)
2025-02-41 18:07 o.s.o.j.LocalContainerEntityManagerFactoryBean-Initialized JPA EntityManagerFactory for persistence unit 'default'
2025-02-41 18:07 o.s.d.j.r.query.QueryEnhancerFactory-Hibernate is in classpath; If applicable, HQL parser will be used.
2025-02-41 18:07 o.s.b.a.o.j.JpaBaseConfiguration$JpaWebConfiguration-spring.jpa.open-in-view is enabled by default. Therefore, database queries may be performed during view rendering. Explicitly configure spring.jpa.open-in-view to disable this warning
2025-02-41 18:07 o.s.b.a.s.s.UserDetailsServiceAutoConfiguration-

Using generated security password: cc18c4f7-0ee3-4b8f-8b8b-c8de1583e861

This generated password is for development use only. Your security configuration must be updated before running your application in production.

2025-02-41 18:07 o.s.s.c.a.a.c.InitializeUserDetailsBeanManagerConfigurer$InitializeUserDetailsManagerConfigurer-Global AuthenticationManager configured with UserDetailsService bean with name inMemoryUserDetailsManager
2025-02-41 18:07 o.a.coyote.http11.Http11NioProtocol-Starting ProtocolHandler ["http-nio-8080"]
2025-02-41 18:07 o.s.b.w.e.tomcat.TomcatWebServer-Tomcat started on port 8080 (http) with context path '/'
2025-02-41 18:07 o.s.a.r.c.CachingConnectionFactory-Attempting to connect to: localhost:5672
2025-02-41 18:07 o.s.a.r.c.CachingConnectionFactory-Created new connection: connectionFactory#27115d45:0/SimpleConnection@7d7a0e06 [delegate=amqp://guest@127.0.0.1:5672/, localPort=65498]
2025-02-41 18:07 c.b.S.StomachForceApplication-Started StomachForceApplication in 16.298 seconds (process running for 17.506)
2025-02-41 18:33 o.h.validator.internal.util.Version-HV000001: Hibernate Validator 8.0.2.Final
2025-02-41 18:33 c.b.S.StomachForceApplication-Starting StomachForceApplication using Java 17.0.13 with PID 8144 (C:\Users\Playdata\Desktop\StomachForce\build\classes\java\main started by Playdata in C:\Users\Playdata\Desktop\StomachForce)
2025-02-41 18:33 c.b.S.StomachForceApplication-No active profile set, falling back to 1 default profile: "default"
2025-02-41 18:33 o.s.d.r.c.RepositoryConfigurationDelegate-Multiple Spring Data modules found, entering strict repository configuration mode
2025-02-41 18:33 o.s.d.r.c.RepositoryConfigurationDelegate-Bootstrapping Spring Data JPA repositories in DEFAULT mode.
2025-02-41 18:33 o.s.d.r.c.RepositoryConfigurationDelegate-Finished Spring Data repository scanning in 287 ms. Found 11 JPA repository interfaces.
2025-02-41 18:33 o.s.d.r.c.RepositoryConfigurationDelegate-Multiple Spring Data modules found, entering strict repository configuration mode
2025-02-41 18:33 o.s.d.r.c.RepositoryConfigurationDelegate-Bootstrapping Spring Data Redis repositories in DEFAULT mode.
2025-02-41 18:33 o.s.d.r.c.RepositoryConfigurationExtensionSupport-Spring Data Redis - Could not safely identify store assignment for repository candidate interface com.beyond.StomachForce.allergyInfo.repository.AllergyInfoRepository; If you want this repository to be a Redis repository, consider annotating your entities with one of these annotations: org.springframework.data.redis.core.RedisHash (preferred), or consider extending one of the following types with your repository: org.springframework.data.keyvalue.repository.KeyValueRepository
2025-02-41 18:33 o.s.d.r.c.RepositoryConfigurationExtensionSupport-Spring Data Redis - Could not safely identify store assignment for repository candidate interface com.beyond.StomachForce.menu.repository.MenuRepository; If you want this repository to be a Redis repository, consider annotating your entities with one of these annotations: org.springframework.data.redis.core.RedisHash (preferred), or consider extending one of the following types with your repository: org.springframework.data.keyvalue.repository.KeyValueRepository
2025-02-41 18:33 o.s.d.r.c.RepositoryConfigurationExtensionSupport-Spring Data Redis - Could not safely identify store assignment for repository candidate interface com.beyond.StomachForce.Post.repository.PostRepository; If you want this repository to be a Redis repository, consider annotating your entities with one of these annotations: org.springframework.data.redis.core.RedisHash (preferred), or consider extending one of the following types with your repository: org.springframework.data.keyvalue.repository.KeyValueRepository
2025-02-41 18:33 o.s.d.r.c.RepositoryConfigurationExtensionSupport-Spring Data Redis - Could not safely identify store assignment for repository candidate interface com.beyond.StomachForce.restaurant.repository.AddressRepository; If you want this repository to be a Redis repository, consider annotating your entities with one of these annotations: org.springframework.data.redis.core.RedisHash (preferred), or consider extending one of the following types with your repository: org.springframework.data.keyvalue.repository.KeyValueRepository
2025-02-41 18:33 o.s.d.r.c.RepositoryConfigurationExtensionSupport-Spring Data Redis - Could not safely identify store assignment for repository candidate interface com.beyond.StomachForce.restaurant.repository.BookmarkRepository; If you want this repository to be a Redis repository, consider annotating your entities with one of these annotations: org.springframework.data.redis.core.RedisHash (preferred), or consider extending one of the following types with your repository: org.springframework.data.keyvalue.repository.KeyValueRepository
2025-02-41 18:33 o.s.d.r.c.RepositoryConfigurationExtensionSupport-Spring Data Redis - Could not safely identify store assignment for repository candidate interface com.beyond.StomachForce.restaurant.repository.RestaurantConvenienceRepository; If you want this repository to be a Redis repository, consider annotating your entities with one of these annotations: org.springframework.data.redis.core.RedisHash (preferred), or consider extending one of the following types with your repository: org.springframework.data.keyvalue.repository.KeyValueRepository
2025-02-41 18:33 o.s.d.r.c.RepositoryConfigurationExtensionSupport-Spring Data Redis - Could not safely identify store assignment for repository candidate interface com.beyond.StomachForce.restaurant.repository.RestaurantPhotoRepository; If you want this repository to be a Redis repository, consider annotating your entities with one of these annotations: org.springframework.data.redis.core.RedisHash (preferred), or consider extending one of the following types with your repository: org.springframework.data.keyvalue.repository.KeyValueRepository
2025-02-41 18:33 o.s.d.r.c.RepositoryConfigurationExtensionSupport-Spring Data Redis - Could not safely identify store assignment for repository candidate interface com.beyond.StomachForce.restaurant.repository.RestaurantRepository; If you want this repository to be a Redis repository, consider annotating your entities with one of these annotations: org.springframework.data.redis.core.RedisHash (preferred), or consider extending one of the following types with your repository: org.springframework.data.keyvalue.repository.KeyValueRepository
2025-02-41 18:33 o.s.d.r.c.RepositoryConfigurationExtensionSupport-Spring Data Redis - Could not safely identify store assignment for repository candidate interface com.beyond.StomachForce.review.repository.ReviewPhotoRepository; If you want this repository to be a Redis repository, consider annotating your entities with one of these annotations: org.springframework.data.redis.core.RedisHash (preferred), or consider extending one of the following types with your repository: org.springframework.data.keyvalue.repository.KeyValueRepository
2025-02-41 18:33 o.s.d.r.c.RepositoryConfigurationExtensionSupport-Spring Data Redis - Could not safely identify store assignment for repository candidate interface com.beyond.StomachForce.review.repository.ReviewRepository; If you want this repository to be a Redis repository, consider annotating your entities with one of these annotations: org.springframework.data.redis.core.RedisHash (preferred), or consider extending one of the following types with your repository: org.springframework.data.keyvalue.repository.KeyValueRepository
2025-02-41 18:33 o.s.d.r.c.RepositoryConfigurationExtensionSupport-Spring Data Redis - Could not safely identify store assignment for repository candidate interface com.beyond.StomachForce.User.repository.UserRepository; If you want this repository to be a Redis repository, consider annotating your entities with one of these annotations: org.springframework.data.redis.core.RedisHash (preferred), or consider extending one of the following types with your repository: org.springframework.data.keyvalue.repository.KeyValueRepository
2025-02-41 18:33 o.s.d.r.c.RepositoryConfigurationDelegate-Finished Spring Data repository scanning in 26 ms. Found 0 Redis repository interfaces.
2025-02-41 18:33 o.s.b.w.e.tomcat.TomcatWebServer-Tomcat initialized with port 8080 (http)
2025-02-41 18:33 o.a.coyote.http11.Http11NioProtocol-Initializing ProtocolHandler ["http-nio-8080"]
2025-02-41 18:33 o.a.catalina.core.StandardService-Starting service [Tomcat]
2025-02-41 18:33 o.a.catalina.core.StandardEngine-Starting Servlet engine: [Apache Tomcat/10.1.34]
2025-02-41 18:33 o.a.c.c.C.[Tomcat].[localhost].[/]-Initializing Spring embedded WebApplicationContext
2025-02-41 18:33 o.s.b.w.s.c.ServletWebServerApplicationContext-Root WebApplicationContext: initialization completed in 3762 ms
2025-02-41 18:33 o.h.jpa.internal.util.LogHelper-HHH000204: Processing PersistenceUnitInfo [name: default]
2025-02-41 18:33 org.hibernate.Version-HHH000412: Hibernate ORM core version 6.6.5.Final
2025-02-41 18:33 o.h.c.i.RegionFactoryInitiator-HHH000026: Second-level cache disabled
2025-02-41 18:33 o.s.o.j.p.SpringPersistenceUnitInfo-No LoadTimeWeaver setup: ignoring JPA class transformer
2025-02-41 18:33 com.zaxxer.hikari.HikariDataSource-HikariPool-1 - Starting...
2025-02-41 18:33 com.zaxxer.hikari.pool.HikariPool-HikariPool-1 - Added connection org.mariadb.jdbc.Connection@4af7ac25
2025-02-41 18:33 com.zaxxer.hikari.HikariDataSource-HikariPool-1 - Start completed.
2025-02-41 18:33 org.hibernate.orm.deprecation-HHH90000025: MariaDBDialect does not need to be specified explicitly using 'hibernate.dialect' (remove the property setting and it will be selected by default)
2025-02-41 18:33 o.hibernate.orm.connections.pooling-HHH10001005: Database info:
	Database JDBC URL [Connecting through datasource 'HikariDataSource (HikariPool-1)']
	Database driver: undefined/unknown
	Database version: 11.5.2
	Autocommit mode: undefined/unknown
	Isolation level: undefined/unknown
	Minimum pool size: undefined/unknown
	Maximum pool size: undefined/unknown
2025-02-41 18:33 o.h.e.t.j.p.i.JtaPlatformInitiator-HHH000489: No JTA platform available (set 'hibernate.transaction.jta.platform' to enable JTA platform integration)
2025-02-41 18:33 o.s.o.j.LocalContainerEntityManagerFactoryBean-Initialized JPA EntityManagerFactory for persistence unit 'default'
2025-02-41 18:33 o.s.d.j.r.query.QueryEnhancerFactory-Hibernate is in classpath; If applicable, HQL parser will be used.
2025-02-41 18:33 o.s.b.a.o.j.JpaBaseConfiguration$JpaWebConfiguration-spring.jpa.open-in-view is enabled by default. Therefore, database queries may be performed during view rendering. Explicitly configure spring.jpa.open-in-view to disable this warning
2025-02-41 18:33 o.s.b.a.s.s.UserDetailsServiceAutoConfiguration-

Using generated security password: ee5aa552-934a-4cc9-bbe6-cd98e4433d70

This generated password is for development use only. Your security configuration must be updated before running your application in production.

2025-02-41 18:33 o.s.s.c.a.a.c.InitializeUserDetailsBeanManagerConfigurer$InitializeUserDetailsManagerConfigurer-Global AuthenticationManager configured with UserDetailsService bean with name inMemoryUserDetailsManager
2025-02-41 18:33 o.a.coyote.http11.Http11NioProtocol-Starting ProtocolHandler ["http-nio-8080"]
2025-02-41 18:33 o.s.b.w.e.tomcat.TomcatWebServer-Tomcat started on port 8080 (http) with context path '/'
2025-02-41 18:33 o.s.a.r.c.CachingConnectionFactory-Attempting to connect to: localhost:5672
2025-02-41 18:33 o.s.a.r.c.CachingConnectionFactory-Created new connection: connectionFactory#5fbb2e1c:0/SimpleConnection@435a2e1f [delegate=amqp://guest@127.0.0.1:5672/, localPort=49256]
2025-02-41 18:33 c.b.S.StomachForceApplication-Started StomachForceApplication in 14.457 seconds (process running for 15.629)
2025-02-41 18:34 o.a.c.c.C.[Tomcat].[localhost].[/]-Initializing Spring DispatcherServlet 'dispatcherServlet'
2025-02-41 18:34 o.s.web.servlet.DispatcherServlet-Initializing Servlet 'dispatcherServlet'
2025-02-41 18:34 o.s.web.servlet.DispatcherServlet-Completed initialization in 3 ms
2025-02-41 18:36 o.h.validator.internal.util.Version-HV000001: Hibernate Validator 8.0.2.Final
2025-02-41 18:36 c.b.S.StomachForceApplication-Starting StomachForceApplication using Java 17.0.13 with PID 12184 (C:\Users\Playdata\Desktop\StomachForce\build\classes\java\main started by Playdata in C:\Users\Playdata\Desktop\StomachForce)
2025-02-41 18:36 c.b.S.StomachForceApplication-No active profile set, falling back to 1 default profile: "default"
2025-02-41 18:36 o.s.d.r.c.RepositoryConfigurationDelegate-Multiple Spring Data modules found, entering strict repository configuration mode
2025-02-41 18:36 o.s.d.r.c.RepositoryConfigurationDelegate-Bootstrapping Spring Data JPA repositories in DEFAULT mode.
2025-02-41 18:36 o.s.d.r.c.RepositoryConfigurationDelegate-Finished Spring Data repository scanning in 443 ms. Found 11 JPA repository interfaces.
2025-02-41 18:36 o.s.d.r.c.RepositoryConfigurationDelegate-Multiple Spring Data modules found, entering strict repository configuration mode
2025-02-41 18:36 o.s.d.r.c.RepositoryConfigurationDelegate-Bootstrapping Spring Data Redis repositories in DEFAULT mode.
2025-02-41 18:36 o.s.d.r.c.RepositoryConfigurationExtensionSupport-Spring Data Redis - Could not safely identify store assignment for repository candidate interface com.beyond.StomachForce.allergyInfo.repository.AllergyInfoRepository; If you want this repository to be a Redis repository, consider annotating your entities with one of these annotations: org.springframework.data.redis.core.RedisHash (preferred), or consider extending one of the following types with your repository: org.springframework.data.keyvalue.repository.KeyValueRepository
2025-02-41 18:36 o.s.d.r.c.RepositoryConfigurationExtensionSupport-Spring Data Redis - Could not safely identify store assignment for repository candidate interface com.beyond.StomachForce.menu.repository.MenuRepository; If you want this repository to be a Redis repository, consider annotating your entities with one of these annotations: org.springframework.data.redis.core.RedisHash (preferred), or consider extending one of the following types with your repository: org.springframework.data.keyvalue.repository.KeyValueRepository
2025-02-41 18:36 o.s.d.r.c.RepositoryConfigurationExtensionSupport-Spring Data Redis - Could not safely identify store assignment for repository candidate interface com.beyond.StomachForce.Post.repository.PostRepository; If you want this repository to be a Redis repository, consider annotating your entities with one of these annotations: org.springframework.data.redis.core.RedisHash (preferred), or consider extending one of the following types with your repository: org.springframework.data.keyvalue.repository.KeyValueRepository
2025-02-41 18:36 o.s.d.r.c.RepositoryConfigurationExtensionSupport-Spring Data Redis - Could not safely identify store assignment for repository candidate interface com.beyond.StomachForce.restaurant.repository.AddressRepository; If you want this repository to be a Redis repository, consider annotating your entities with one of these annotations: org.springframework.data.redis.core.RedisHash (preferred), or consider extending one of the following types with your repository: org.springframework.data.keyvalue.repository.KeyValueRepository
2025-02-41 18:36 o.s.d.r.c.RepositoryConfigurationExtensionSupport-Spring Data Redis - Could not safely identify store assignment for repository candidate interface com.beyond.StomachForce.restaurant.repository.BookmarkRepository; If you want this repository to be a Redis repository, consider annotating your entities with one of these annotations: org.springframework.data.redis.core.RedisHash (preferred), or consider extending one of the following types with your repository: org.springframework.data.keyvalue.repository.KeyValueRepository
2025-02-41 18:36 o.s.d.r.c.RepositoryConfigurationExtensionSupport-Spring Data Redis - Could not safely identify store assignment for repository candidate interface com.beyond.StomachForce.restaurant.repository.RestaurantConvenienceRepository; If you want this repository to be a Redis repository, consider annotating your entities with one of these annotations: org.springframework.data.redis.core.RedisHash (preferred), or consider extending one of the following types with your repository: org.springframework.data.keyvalue.repository.KeyValueRepository
2025-02-41 18:36 o.s.d.r.c.RepositoryConfigurationExtensionSupport-Spring Data Redis - Could not safely identify store assignment for repository candidate interface com.beyond.StomachForce.restaurant.repository.RestaurantPhotoRepository; If you want this repository to be a Redis repository, consider annotating your entities with one of these annotations: org.springframework.data.redis.core.RedisHash (preferred), or consider extending one of the following types with your repository: org.springframework.data.keyvalue.repository.KeyValueRepository
2025-02-41 18:36 o.s.d.r.c.RepositoryConfigurationExtensionSupport-Spring Data Redis - Could not safely identify store assignment for repository candidate interface com.beyond.StomachForce.restaurant.repository.RestaurantRepository; If you want this repository to be a Redis repository, consider annotating your entities with one of these annotations: org.springframework.data.redis.core.RedisHash (preferred), or consider extending one of the following types with your repository: org.springframework.data.keyvalue.repository.KeyValueRepository
2025-02-41 18:36 o.s.d.r.c.RepositoryConfigurationExtensionSupport-Spring Data Redis - Could not safely identify store assignment for repository candidate interface com.beyond.StomachForce.review.repository.ReviewPhotoRepository; If you want this repository to be a Redis repository, consider annotating your entities with one of these annotations: org.springframework.data.redis.core.RedisHash (preferred), or consider extending one of the following types with your repository: org.springframework.data.keyvalue.repository.KeyValueRepository
2025-02-41 18:36 o.s.d.r.c.RepositoryConfigurationExtensionSupport-Spring Data Redis - Could not safely identify store assignment for repository candidate interface com.beyond.StomachForce.review.repository.ReviewRepository; If you want this repository to be a Redis repository, consider annotating your entities with one of these annotations: org.springframework.data.redis.core.RedisHash (preferred), or consider extending one of the following types with your repository: org.springframework.data.keyvalue.repository.KeyValueRepository
2025-02-41 18:36 o.s.d.r.c.RepositoryConfigurationExtensionSupport-Spring Data Redis - Could not safely identify store assignment for repository candidate interface com.beyond.StomachForce.User.repository.UserRepository; If you want this repository to be a Redis repository, consider annotating your entities with one of these annotations: org.springframework.data.redis.core.RedisHash (preferred), or consider extending one of the following types with your repository: org.springframework.data.keyvalue.repository.KeyValueRepository
2025-02-41 18:36 o.s.d.r.c.RepositoryConfigurationDelegate-Finished Spring Data repository scanning in 33 ms. Found 0 Redis repository interfaces.
2025-02-41 18:36 o.s.b.w.e.tomcat.TomcatWebServer-Tomcat initialized with port 8080 (http)
2025-02-41 18:36 o.a.coyote.http11.Http11NioProtocol-Initializing ProtocolHandler ["http-nio-8080"]
2025-02-41 18:36 o.a.catalina.core.StandardService-Starting service [Tomcat]
2025-02-41 18:36 o.a.catalina.core.StandardEngine-Starting Servlet engine: [Apache Tomcat/10.1.34]
2025-02-41 18:36 o.a.c.c.C.[Tomcat].[localhost].[/]-Initializing Spring embedded WebApplicationContext
2025-02-41 18:36 o.s.b.w.s.c.ServletWebServerApplicationContext-Root WebApplicationContext: initialization completed in 5080 ms
2025-02-41 18:36 o.h.jpa.internal.util.LogHelper-HHH000204: Processing PersistenceUnitInfo [name: default]
2025-02-41 18:36 org.hibernate.Version-HHH000412: Hibernate ORM core version 6.6.5.Final
2025-02-41 18:36 o.h.c.i.RegionFactoryInitiator-HHH000026: Second-level cache disabled
2025-02-41 18:36 o.s.o.j.p.SpringPersistenceUnitInfo-No LoadTimeWeaver setup: ignoring JPA class transformer
2025-02-41 18:36 com.zaxxer.hikari.HikariDataSource-HikariPool-1 - Starting...
2025-02-41 18:36 com.zaxxer.hikari.pool.HikariPool-HikariPool-1 - Added connection org.mariadb.jdbc.Connection@4f2fdf3d
2025-02-41 18:36 com.zaxxer.hikari.HikariDataSource-HikariPool-1 - Start completed.
2025-02-41 18:36 org.hibernate.orm.deprecation-HHH90000025: MariaDBDialect does not need to be specified explicitly using 'hibernate.dialect' (remove the property setting and it will be selected by default)
2025-02-41 18:36 o.hibernate.orm.connections.pooling-HHH10001005: Database info:
	Database JDBC URL [Connecting through datasource 'HikariDataSource (HikariPool-1)']
	Database driver: undefined/unknown
	Database version: 11.5.2
	Autocommit mode: undefined/unknown
	Isolation level: undefined/unknown
	Minimum pool size: undefined/unknown
	Maximum pool size: undefined/unknown
2025-02-41 18:36 o.h.e.t.j.p.i.JtaPlatformInitiator-HHH000489: No JTA platform available (set 'hibernate.transaction.jta.platform' to enable JTA platform integration)
2025-02-41 18:36 o.s.o.j.LocalContainerEntityManagerFactoryBean-Initialized JPA EntityManagerFactory for persistence unit 'default'
2025-02-41 18:36 o.s.d.j.r.query.QueryEnhancerFactory-Hibernate is in classpath; If applicable, HQL parser will be used.
2025-02-41 18:36 o.s.b.a.o.j.JpaBaseConfiguration$JpaWebConfiguration-spring.jpa.open-in-view is enabled by default. Therefore, database queries may be performed during view rendering. Explicitly configure spring.jpa.open-in-view to disable this warning
2025-02-41 18:36 o.s.b.a.s.s.UserDetailsServiceAutoConfiguration-

Using generated security password: 31a57542-b2f4-42a5-b679-7a234a00e78b

This generated password is for development use only. Your security configuration must be updated before running your application in production.

2025-02-41 18:36 o.s.s.c.a.a.c.InitializeUserDetailsBeanManagerConfigurer$InitializeUserDetailsManagerConfigurer-Global AuthenticationManager configured with UserDetailsService bean with name inMemoryUserDetailsManager
2025-02-41 18:36 o.a.coyote.http11.Http11NioProtocol-Starting ProtocolHandler ["http-nio-8080"]
2025-02-41 18:36 o.s.b.w.e.tomcat.TomcatWebServer-Tomcat started on port 8080 (http) with context path '/'
2025-02-41 18:36 o.s.a.r.c.CachingConnectionFactory-Attempting to connect to: localhost:5672
2025-02-41 18:36 o.s.a.r.c.CachingConnectionFactory-Created new connection: connectionFactory#7f2d4ffc:0/SimpleConnection@4d6cdebb [delegate=amqp://guest@127.0.0.1:5672/, localPort=49300]
2025-02-41 18:36 c.b.S.StomachForceApplication-Started StomachForceApplication in 20.259 seconds (process running for 21.278)
2025-02-41 18:37 o.a.c.c.C.[Tomcat].[localhost].[/]-Initializing Spring DispatcherServlet 'dispatcherServlet'
2025-02-41 18:37 o.s.web.servlet.DispatcherServlet-Initializing Servlet 'dispatcherServlet'
2025-02-41 18:37 o.s.web.servlet.DispatcherServlet-Completed initialization in 0 ms
2025-02-41 18:40 com.zaxxer.hikari.pool.HikariPool-HikariPool-1 - Thread starvation or clock leap detected (housekeeper delta=2m530ms34µs600ns).
2025-02-41 18:49 o.s.w.s.m.s.DefaultHandlerExceptionResolver-Resolved [org.springframework.http.converter.HttpMessageNotReadableException: JSON parse error: Cannot deserialize value of type `com.beyond.StomachForce.Post.dtos.LikeToggleDto` from Array value (token `JsonToken.START_ARRAY`)]
2025-02-41 18:49 o.s.w.s.m.s.DefaultHandlerExceptionResolver-Resolved [org.springframework.http.converter.HttpMessageNotReadableException: JSON parse error: Cannot deserialize value of type `com.beyond.StomachForce.Post.dtos.LikeToggleDto` from Array value (token `JsonToken.START_ARRAY`)]
2025-02-41 18:49 o.s.w.s.m.s.DefaultHandlerExceptionResolver-Resolved [org.springframework.http.converter.HttpMessageNotReadableException: JSON parse error: Cannot deserialize value of type `com.beyond.StomachForce.Post.dtos.LikeToggleDto` from Array value (token `JsonToken.START_ARRAY`)]
2025-02-41 18:49 o.s.w.s.m.s.DefaultHandlerExceptionResolver-Resolved [org.springframework.http.converter.HttpMessageNotReadableException: JSON parse error: Cannot deserialize value of type `com.beyond.StomachForce.Post.dtos.LikeToggleDto` from Array value (token `JsonToken.START_ARRAY`)]
2025-02-41 18:49 o.s.w.s.m.s.DefaultHandlerExceptionResolver-Resolved [org.springframework.http.converter.HttpMessageNotReadableException: JSON parse error: Cannot deserialize value of type `com.beyond.StomachForce.Post.dtos.LikeToggleDto` from Array value (token `JsonToken.START_ARRAY`)]
2025-02-41 18:49 o.s.w.s.m.s.DefaultHandlerExceptionResolver-Resolved [org.springframework.http.converter.HttpMessageNotReadableException: JSON parse error: Cannot deserialize value of type `com.beyond.StomachForce.Post.dtos.LikeToggleDto` from Array value (token `JsonToken.START_ARRAY`)]
2025-02-41 18:49 o.s.w.s.m.s.DefaultHandlerExceptionResolver-Resolved [org.springframework.http.converter.HttpMessageNotReadableException: JSON parse error: Cannot deserialize value of type `com.beyond.StomachForce.Post.dtos.LikeToggleDto` from Array value (token `JsonToken.START_ARRAY`)]
2025-02-41 18:49 o.s.w.s.m.s.DefaultHandlerExceptionResolver-Resolved [org.springframework.http.converter.HttpMessageNotReadableException: JSON parse error: Cannot deserialize value of type `com.beyond.StomachForce.Post.dtos.LikeToggleDto` from Array value (token `JsonToken.START_ARRAY`)]
2025-02-41 18:50 o.s.w.s.m.s.DefaultHandlerExceptionResolver-Resolved [org.springframework.http.converter.HttpMessageNotReadableException: JSON parse error: Cannot deserialize value of type `com.beyond.StomachForce.Post.dtos.LikeToggleDto` from Array value (token `JsonToken.START_ARRAY`)]
2025-02-41 18:50 o.s.w.s.m.s.DefaultHandlerExceptionResolver-Resolved [org.springframework.http.converter.HttpMessageNotReadableException: JSON parse error: Cannot deserialize value of type `com.beyond.StomachForce.Post.dtos.LikeToggleDto` from Array value (token `JsonToken.START_ARRAY`)]
2025-02-41 18:50 o.s.w.s.m.s.DefaultHandlerExceptionResolver-Resolved [org.springframework.http.converter.HttpMessageNotReadableException: JSON parse error: Cannot deserialize value of type `com.beyond.StomachForce.Post.dtos.LikeToggleDto` from Array value (token `JsonToken.START_ARRAY`)]
2025-02-41 18:50 o.s.w.s.m.s.DefaultHandlerExceptionResolver-Resolved [org.springframework.http.converter.HttpMessageNotReadableException: JSON parse error: Cannot deserialize value of type `com.beyond.StomachForce.Post.dtos.LikeToggleDto` from Array value (token `JsonToken.START_ARRAY`)]
2025-02-41 18:50 o.s.w.s.m.s.DefaultHandlerExceptionResolver-Resolved [org.springframework.http.converter.HttpMessageNotReadableException: JSON parse error: Cannot deserialize value of type `com.beyond.StomachForce.Post.dtos.LikeToggleDto` from Array value (token `JsonToken.START_ARRAY`)]
2025-02-41 18:50 o.s.w.s.m.s.DefaultHandlerExceptionResolver-Resolved [org.springframework.http.converter.HttpMessageNotReadableException: JSON parse error: Cannot deserialize value of type `com.beyond.StomachForce.Post.dtos.LikeToggleDto` from Array value (token `JsonToken.START_ARRAY`)]
2025-02-41 18:50 o.s.w.s.m.s.DefaultHandlerExceptionResolver-Resolved [org.springframework.http.converter.HttpMessageNotReadableException: JSON parse error: Cannot deserialize value of type `com.beyond.StomachForce.Post.dtos.LikeToggleDto` from Array value (token `JsonToken.START_ARRAY`)]
2025-02-41 18:50 o.s.w.s.m.s.DefaultHandlerExceptionResolver-Resolved [org.springframework.http.converter.HttpMessageNotReadableException: JSON parse error: Cannot deserialize value of type `com.beyond.StomachForce.Post.dtos.LikeToggleDto` from Array value (token `JsonToken.START_ARRAY`)]
2025-02-41 18:50 o.s.w.s.m.s.DefaultHandlerExceptionResolver-Resolved [org.springframework.http.converter.HttpMessageNotReadableException: JSON parse error: Cannot deserialize value of type `com.beyond.StomachForce.Post.dtos.LikeToggleDto` from Array value (token `JsonToken.START_ARRAY`)]
2025-02-41 18:50 o.s.w.s.m.s.DefaultHandlerExceptionResolver-Resolved [org.springframework.http.converter.HttpMessageNotReadableException: JSON parse error: Cannot deserialize value of type `com.beyond.StomachForce.Post.dtos.LikeToggleDto` from Array value (token `JsonToken.START_ARRAY`)]
2025-02-41 18:50 o.s.w.s.m.s.DefaultHandlerExceptionResolver-Resolved [org.springframework.http.converter.HttpMessageNotReadableException: JSON parse error: Cannot deserialize value of type `com.beyond.StomachForce.Post.dtos.LikeToggleDto` from Array value (token `JsonToken.START_ARRAY`)]
2025-02-41 18:50 o.s.w.s.m.s.DefaultHandlerExceptionResolver-Resolved [org.springframework.http.converter.HttpMessageNotReadableException: JSON parse error: Cannot deserialize value of type `com.beyond.StomachForce.Post.dtos.LikeToggleDto` from Array value (token `JsonToken.START_ARRAY`)]
2025-02-41 18:50 o.s.w.s.m.s.DefaultHandlerExceptionResolver-Resolved [org.springframework.http.converter.HttpMessageNotReadableException: JSON parse error: Cannot deserialize value of type `com.beyond.StomachForce.Post.dtos.LikeToggleDto` from Array value (token `JsonToken.START_ARRAY`)]
2025-02-41 18:50 o.s.w.s.m.s.DefaultHandlerExceptionResolver-Resolved [org.springframework.http.converter.HttpMessageNotReadableException: JSON parse error: Cannot deserialize value of type `com.beyond.StomachForce.Post.dtos.LikeToggleDto` from Array value (token `JsonToken.START_ARRAY`)]
2025-02-41 18:50 o.s.w.s.m.s.DefaultHandlerExceptionResolver-Resolved [org.springframework.http.converter.HttpMessageNotReadableException: JSON parse error: Cannot deserialize value of type `com.beyond.StomachForce.Post.dtos.LikeToggleDto` from Array value (token `JsonToken.START_ARRAY`)]
2025-02-41 18:50 o.s.w.s.m.s.DefaultHandlerExceptionResolver-Resolved [org.springframework.http.converter.HttpMessageNotReadableException: JSON parse error: Cannot deserialize value of type `com.beyond.StomachForce.Post.dtos.LikeToggleDto` from Array value (token `JsonToken.START_ARRAY`)]
2025-02-41 18:50 o.s.w.s.m.s.DefaultHandlerExceptionResolver-Resolved [org.springframework.http.converter.HttpMessageNotReadableException: JSON parse error: Cannot deserialize value of type `com.beyond.StomachForce.Post.dtos.LikeToggleDto` from Array value (token `JsonToken.START_ARRAY`)]
2025-02-41 18:50 o.s.w.s.m.s.DefaultHandlerExceptionResolver-Resolved [org.springframework.http.converter.HttpMessageNotReadableException: JSON parse error: Cannot deserialize value of type `com.beyond.StomachForce.Post.dtos.LikeToggleDto` from Array value (token `JsonToken.START_ARRAY`)]
2025-02-41 18:50 o.s.w.s.m.s.DefaultHandlerExceptionResolver-Resolved [org.springframework.http.converter.HttpMessageNotReadableException: JSON parse error: Cannot deserialize value of type `com.beyond.StomachForce.Post.dtos.LikeToggleDto` from Array value (token `JsonToken.START_ARRAY`)]
2025-02-41 18:50 o.s.w.s.m.s.DefaultHandlerExceptionResolver-Resolved [org.springframework.http.converter.HttpMessageNotReadableException: JSON parse error: Cannot deserialize value of type `com.beyond.StomachForce.Post.dtos.LikeToggleDto` from Array value (token `JsonToken.START_ARRAY`)]
2025-02-41 18:50 o.s.w.s.m.s.DefaultHandlerExceptionResolver-Resolved [org.springframework.http.converter.HttpMessageNotReadableException: JSON parse error: Cannot deserialize value of type `com.beyond.StomachForce.Post.dtos.LikeToggleDto` from Array value (token `JsonToken.START_ARRAY`)]
2025-02-41 18:50 o.s.w.s.m.s.DefaultHandlerExceptionResolver-Resolved [org.springframework.http.converter.HttpMessageNotReadableException: JSON parse error: Cannot deserialize value of type `com.beyond.StomachForce.Post.dtos.LikeToggleDto` from Array value (token `JsonToken.START_ARRAY`)]
2025-02-41 18:50 o.s.w.s.m.s.DefaultHandlerExceptionResolver-Resolved [org.springframework.http.converter.HttpMessageNotReadableException: JSON parse error: Cannot deserialize value of type `com.beyond.StomachForce.Post.dtos.LikeToggleDto` from Array value (token `JsonToken.START_ARRAY`)]
2025-02-41 18:50 o.s.w.s.m.s.DefaultHandlerExceptionResolver-Resolved [org.springframework.http.converter.HttpMessageNotReadableException: JSON parse error: Cannot deserialize value of type `com.beyond.StomachForce.Post.dtos.LikeToggleDto` from Array value (token `JsonToken.START_ARRAY`)]
2025-02-41 18:50 o.s.w.s.m.s.DefaultHandlerExceptionResolver-Resolved [org.springframework.http.converter.HttpMessageNotReadableException: JSON parse error: Cannot deserialize value of type `com.beyond.StomachForce.Post.dtos.LikeToggleDto` from Array value (token `JsonToken.START_ARRAY`)]
2025-02-41 18:50 o.s.w.s.m.s.DefaultHandlerExceptionResolver-Resolved [org.springframework.http.converter.HttpMessageNotReadableException: JSON parse error: Cannot deserialize value of type `com.beyond.StomachForce.Post.dtos.LikeToggleDto` from Array value (token `JsonToken.START_ARRAY`)]
2025-02-41 18:50 o.s.w.s.m.s.DefaultHandlerExceptionResolver-Resolved [org.springframework.http.converter.HttpMessageNotReadableException: JSON parse error: Cannot deserialize value of type `com.beyond.StomachForce.Post.dtos.LikeToggleDto` from Array value (token `JsonToken.START_ARRAY`)]
2025-02-41 18:50 o.s.w.s.m.s.DefaultHandlerExceptionResolver-Resolved [org.springframework.http.converter.HttpMessageNotReadableException: JSON parse error: Cannot deserialize value of type `com.beyond.StomachForce.Post.dtos.LikeToggleDto` from Array value (token `JsonToken.START_ARRAY`)]
2025-02-41 18:50 o.s.w.s.m.s.DefaultHandlerExceptionResolver-Resolved [org.springframework.http.converter.HttpMessageNotReadableException: JSON parse error: Cannot deserialize value of type `com.beyond.StomachForce.Post.dtos.LikeToggleDto` from Array value (token `JsonToken.START_ARRAY`)]
2025-02-41 18:50 o.s.w.s.m.s.DefaultHandlerExceptionResolver-Resolved [org.springframework.http.converter.HttpMessageNotReadableException: JSON parse error: Cannot deserialize value of type `com.beyond.StomachForce.Post.dtos.LikeToggleDto` from Array value (token `JsonToken.START_ARRAY`)]
2025-02-41 18:50 o.s.w.s.m.s.DefaultHandlerExceptionResolver-Resolved [org.springframework.http.converter.HttpMessageNotReadableException: JSON parse error: Cannot deserialize value of type `com.beyond.StomachForce.Post.dtos.LikeToggleDto` from Array value (token `JsonToken.START_ARRAY`)]
2025-02-41 18:50 o.s.w.s.m.s.DefaultHandlerExceptionResolver-Resolved [org.springframework.http.converter.HttpMessageNotReadableException: JSON parse error: Cannot deserialize value of type `com.beyond.StomachForce.Post.dtos.LikeToggleDto` from Array value (token `JsonToken.START_ARRAY`)]
2025-02-41 18:50 o.s.w.s.m.s.DefaultHandlerExceptionResolver-Resolved [org.springframework.http.converter.HttpMessageNotReadableException: JSON parse error: Cannot deserialize value of type `com.beyond.StomachForce.Post.dtos.LikeToggleDto` from Array value (token `JsonToken.START_ARRAY`)]
2025-02-41 18:50 o.s.w.s.m.s.DefaultHandlerExceptionResolver-Resolved [org.springframework.http.converter.HttpMessageNotReadableException: JSON parse error: Cannot deserialize value of type `com.beyond.StomachForce.Post.dtos.LikeToggleDto` from Array value (token `JsonToken.START_ARRAY`)]
2025-02-41 18:50 o.s.w.s.m.s.DefaultHandlerExceptionResolver-Resolved [org.springframework.http.converter.HttpMessageNotReadableException: JSON parse error: Cannot deserialize value of type `com.beyond.StomachForce.Post.dtos.LikeToggleDto` from Array value (token `JsonToken.START_ARRAY`)]
2025-02-41 18:50 o.s.w.s.m.s.DefaultHandlerExceptionResolver-Resolved [org.springframework.http.converter.HttpMessageNotReadableException: JSON parse error: Cannot deserialize value of type `com.beyond.StomachForce.Post.dtos.LikeToggleDto` from Array value (token `JsonToken.START_ARRAY`)]
2025-02-41 18:50 o.s.w.s.m.s.DefaultHandlerExceptionResolver-Resolved [org.springframework.http.converter.HttpMessageNotReadableException: JSON parse error: Cannot deserialize value of type `com.beyond.StomachForce.Post.dtos.LikeToggleDto` from Array value (token `JsonToken.START_ARRAY`)]
2025-02-41 18:50 o.s.w.s.m.s.DefaultHandlerExceptionResolver-Resolved [org.springframework.http.converter.HttpMessageNotReadableException: JSON parse error: Cannot deserialize value of type `com.beyond.StomachForce.Post.dtos.LikeToggleDto` from Array value (token `JsonToken.START_ARRAY`)]
2025-02-41 18:50 o.s.w.s.m.s.DefaultHandlerExceptionResolver-Resolved [org.springframework.http.converter.HttpMessageNotReadableException: JSON parse error: Cannot deserialize value of type `com.beyond.StomachForce.Post.dtos.LikeToggleDto` from Array value (token `JsonToken.START_ARRAY`)]
2025-02-41 18:50 o.s.w.s.m.s.DefaultHandlerExceptionResolver-Resolved [org.springframework.http.converter.HttpMessageNotReadableException: JSON parse error: Cannot deserialize value of type `com.beyond.StomachForce.Post.dtos.LikeToggleDto` from Array value (token `JsonToken.START_ARRAY`)]
2025-02-41 18:50 o.s.w.s.m.s.DefaultHandlerExceptionResolver-Resolved [org.springframework.http.converter.HttpMessageNotReadableException: JSON parse error: Cannot deserialize value of type `com.beyond.StomachForce.Post.dtos.LikeToggleDto` from Array value (token `JsonToken.START_ARRAY`)]
2025-02-41 18:50 o.s.w.s.m.s.DefaultHandlerExceptionResolver-Resolved [org.springframework.http.converter.HttpMessageNotReadableException: JSON parse error: Cannot deserialize value of type `com.beyond.StomachForce.Post.dtos.LikeToggleDto` from Array value (token `JsonToken.START_ARRAY`)]
2025-02-41 18:50 o.s.w.s.m.s.DefaultHandlerExceptionResolver-Resolved [org.springframework.http.converter.HttpMessageNotReadableException: JSON parse error: Cannot deserialize value of type `com.beyond.StomachForce.Post.dtos.LikeToggleDto` from Array value (token `JsonToken.START_ARRAY`)]
2025-02-41 18:50 o.s.w.s.m.s.DefaultHandlerExceptionResolver-Resolved [org.springframework.http.converter.HttpMessageNotReadableException: JSON parse error: Cannot deserialize value of type `com.beyond.StomachForce.Post.dtos.LikeToggleDto` from Array value (token `JsonToken.START_ARRAY`)]
2025-02-41 18:50 o.s.w.s.m.s.DefaultHandlerExceptionResolver-Resolved [org.springframework.http.converter.HttpMessageNotReadableException: JSON parse error: Cannot deserialize value of type `com.beyond.StomachForce.Post.dtos.LikeToggleDto` from Array value (token `JsonToken.START_ARRAY`)]
2025-02-41 18:50 o.s.w.s.m.s.DefaultHandlerExceptionResolver-Resolved [org.springframework.http.converter.HttpMessageNotReadableException: JSON parse error: Cannot deserialize value of type `com.beyond.StomachForce.Post.dtos.LikeToggleDto` from Array value (token `JsonToken.START_ARRAY`)]
2025-02-41 18:50 o.s.w.s.m.s.DefaultHandlerExceptionResolver-Resolved [org.springframework.http.converter.HttpMessageNotReadableException: JSON parse error: Cannot deserialize value of type `com.beyond.StomachForce.Post.dtos.LikeToggleDto` from Array value (token `JsonToken.START_ARRAY`)]
2025-02-41 18:50 o.s.w.s.m.s.DefaultHandlerExceptionResolver-Resolved [org.springframework.http.converter.HttpMessageNotReadableException: JSON parse error: Cannot deserialize value of type `com.beyond.StomachForce.Post.dtos.LikeToggleDto` from Array value (token `JsonToken.START_ARRAY`)]
2025-02-41 18:50 o.s.w.s.m.s.DefaultHandlerExceptionResolver-Resolved [org.springframework.http.converter.HttpMessageNotReadableException: JSON parse error: Cannot deserialize value of type `com.beyond.StomachForce.Post.dtos.LikeToggleDto` from Array value (token `JsonToken.START_ARRAY`)]
2025-02-41 18:50 o.s.w.s.m.s.DefaultHandlerExceptionResolver-Resolved [org.springframework.http.converter.HttpMessageNotReadableException: JSON parse error: Cannot deserialize value of type `com.beyond.StomachForce.Post.dtos.LikeToggleDto` from Array value (token `JsonToken.START_ARRAY`)]
2025-02-41 18:50 o.s.w.s.m.s.DefaultHandlerExceptionResolver-Resolved [org.springframework.http.converter.HttpMessageNotReadableException: JSON parse error: Cannot deserialize value of type `com.beyond.StomachForce.Post.dtos.LikeToggleDto` from Array value (token `JsonToken.START_ARRAY`)]
2025-02-41 18:50 o.s.w.s.m.s.DefaultHandlerExceptionResolver-Resolved [org.springframework.http.converter.HttpMessageNotReadableException: JSON parse error: Cannot deserialize value of type `com.beyond.StomachForce.Post.dtos.LikeToggleDto` from Array value (token `JsonToken.START_ARRAY`)]
2025-02-41 18:50 o.s.w.s.m.s.DefaultHandlerExceptionResolver-Resolved [org.springframework.http.converter.HttpMessageNotReadableException: JSON parse error: Cannot deserialize value of type `com.beyond.StomachForce.Post.dtos.LikeToggleDto` from Array value (token `JsonToken.START_ARRAY`)]
2025-02-41 18:50 o.s.w.s.m.s.DefaultHandlerExceptionResolver-Resolved [org.springframework.http.converter.HttpMessageNotReadableException: JSON parse error: Cannot deserialize value of type `com.beyond.StomachForce.Post.dtos.LikeToggleDto` from Array value (token `JsonToken.START_ARRAY`)]
2025-02-41 18:50 o.s.w.s.m.s.DefaultHandlerExceptionResolver-Resolved [org.springframework.http.converter.HttpMessageNotReadableException: JSON parse error: Cannot deserialize value of type `com.beyond.StomachForce.Post.dtos.LikeToggleDto` from Array value (token `JsonToken.START_ARRAY`)]
2025-02-41 18:50 o.s.w.s.m.s.DefaultHandlerExceptionResolver-Resolved [org.springframework.http.converter.HttpMessageNotReadableException: JSON parse error: Cannot deserialize value of type `com.beyond.StomachForce.Post.dtos.LikeToggleDto` from Array value (token `JsonToken.START_ARRAY`)]
2025-02-41 18:50 o.s.w.s.m.s.DefaultHandlerExceptionResolver-Resolved [org.springframework.http.converter.HttpMessageNotReadableException: JSON parse error: Cannot deserialize value of type `com.beyond.StomachForce.Post.dtos.LikeToggleDto` from Array value (token `JsonToken.START_ARRAY`)]
2025-02-41 18:50 o.s.w.s.m.s.DefaultHandlerExceptionResolver-Resolved [org.springframework.http.converter.HttpMessageNotReadableException: JSON parse error: Cannot deserialize value of type `com.beyond.StomachForce.Post.dtos.LikeToggleDto` from Array value (token `JsonToken.START_ARRAY`)]
2025-02-41 18:50 o.s.w.s.m.s.DefaultHandlerExceptionResolver-Resolved [org.springframework.http.converter.HttpMessageNotReadableException: JSON parse error: Cannot deserialize value of type `com.beyond.StomachForce.Post.dtos.LikeToggleDto` from Array value (token `JsonToken.START_ARRAY`)]
2025-02-41 18:50 o.s.w.s.m.s.DefaultHandlerExceptionResolver-Resolved [org.springframework.http.converter.HttpMessageNotReadableException: JSON parse error: Cannot deserialize value of type `com.beyond.StomachForce.Post.dtos.LikeToggleDto` from Array value (token `JsonToken.START_ARRAY`)]
2025-02-41 18:50 o.s.w.s.m.s.DefaultHandlerExceptionResolver-Resolved [org.springframework.http.converter.HttpMessageNotReadableException: JSON parse error: Cannot deserialize value of type `com.beyond.StomachForce.Post.dtos.LikeToggleDto` from Array value (token `JsonToken.START_ARRAY`)]
2025-02-41 18:50 o.s.w.s.m.s.DefaultHandlerExceptionResolver-Resolved [org.springframework.http.converter.HttpMessageNotReadableException: JSON parse error: Cannot deserialize value of type `com.beyond.StomachForce.Post.dtos.LikeToggleDto` from Array value (token `JsonToken.START_ARRAY`)]
2025-02-41 18:50 o.s.w.s.m.s.DefaultHandlerExceptionResolver-Resolved [org.springframework.http.converter.HttpMessageNotReadableException: JSON parse error: Cannot deserialize value of type `com.beyond.StomachForce.Post.dtos.LikeToggleDto` from Array value (token `JsonToken.START_ARRAY`)]
2025-02-41 18:50 o.s.w.s.m.s.DefaultHandlerExceptionResolver-Resolved [org.springframework.http.converter.HttpMessageNotReadableException: JSON parse error: Cannot deserialize value of type `com.beyond.StomachForce.Post.dtos.LikeToggleDto` from Array value (token `JsonToken.START_ARRAY`)]
2025-02-41 18:50 o.s.w.s.m.s.DefaultHandlerExceptionResolver-Resolved [org.springframework.http.converter.HttpMessageNotReadableException: JSON parse error: Cannot deserialize value of type `com.beyond.StomachForce.Post.dtos.LikeToggleDto` from Array value (token `JsonToken.START_ARRAY`)]
2025-02-41 18:50 o.s.w.s.m.s.DefaultHandlerExceptionResolver-Resolved [org.springframework.http.converter.HttpMessageNotReadableException: JSON parse error: Cannot deserialize value of type `com.beyond.StomachForce.Post.dtos.LikeToggleDto` from Array value (token `JsonToken.START_ARRAY`)]
2025-02-41 18:50 o.s.w.s.m.s.DefaultHandlerExceptionResolver-Resolved [org.springframework.http.converter.HttpMessageNotReadableException: JSON parse error: Cannot deserialize value of type `com.beyond.StomachForce.Post.dtos.LikeToggleDto` from Array value (token `JsonToken.START_ARRAY`)]
2025-02-41 18:50 o.s.w.s.m.s.DefaultHandlerExceptionResolver-Resolved [org.springframework.http.converter.HttpMessageNotReadableException: JSON parse error: Cannot deserialize value of type `com.beyond.StomachForce.Post.dtos.LikeToggleDto` from Array value (token `JsonToken.START_ARRAY`)]
2025-02-41 18:50 o.s.w.s.m.s.DefaultHandlerExceptionResolver-Resolved [org.springframework.http.converter.HttpMessageNotReadableException: JSON parse error: Cannot deserialize value of type `com.beyond.StomachForce.Post.dtos.LikeToggleDto` from Array value (token `JsonToken.START_ARRAY`)]
2025-02-41 18:50 o.s.w.s.m.s.DefaultHandlerExceptionResolver-Resolved [org.springframework.http.converter.HttpMessageNotReadableException: JSON parse error: Cannot deserialize value of type `com.beyond.StomachForce.Post.dtos.LikeToggleDto` from Array value (token `JsonToken.START_ARRAY`)]
2025-02-41 18:50 o.s.w.s.m.s.DefaultHandlerExceptionResolver-Resolved [org.springframework.http.converter.HttpMessageNotReadableException: JSON parse error: Cannot deserialize value of type `com.beyond.StomachForce.Post.dtos.LikeToggleDto` from Array value (token `JsonToken.START_ARRAY`)]
2025-02-41 18:50 o.s.w.s.m.s.DefaultHandlerExceptionResolver-Resolved [org.springframework.http.converter.HttpMessageNotReadableException: JSON parse error: Cannot deserialize value of type `com.beyond.StomachForce.Post.dtos.LikeToggleDto` from Array value (token `JsonToken.START_ARRAY`)]
2025-02-41 18:50 o.s.w.s.m.s.DefaultHandlerExceptionResolver-Resolved [org.springframework.http.converter.HttpMessageNotReadableException: JSON parse error: Cannot deserialize value of type `com.beyond.StomachForce.Post.dtos.LikeToggleDto` from Array value (token `JsonToken.START_ARRAY`)]
2025-02-41 18:50 o.s.w.s.m.s.DefaultHandlerExceptionResolver-Resolved [org.springframework.http.converter.HttpMessageNotReadableException: JSON parse error: Cannot deserialize value of type `com.beyond.StomachForce.Post.dtos.LikeToggleDto` from Array value (token `JsonToken.START_ARRAY`)]
2025-02-41 18:50 o.s.w.s.m.s.DefaultHandlerExceptionResolver-Resolved [org.springframework.http.converter.HttpMessageNotReadableException: JSON parse error: Cannot deserialize value of type `com.beyond.StomachForce.Post.dtos.LikeToggleDto` from Array value (token `JsonToken.START_ARRAY`)]
2025-02-41 18:50 o.s.w.s.m.s.DefaultHandlerExceptionResolver-Resolved [org.springframework.http.converter.HttpMessageNotReadableException: JSON parse error: Cannot deserialize value of type `com.beyond.StomachForce.Post.dtos.LikeToggleDto` from Array value (token `JsonToken.START_ARRAY`)]
2025-02-41 18:50 o.s.w.s.m.s.DefaultHandlerExceptionResolver-Resolved [org.springframework.http.converter.HttpMessageNotReadableException: JSON parse error: Cannot deserialize value of type `com.beyond.StomachForce.Post.dtos.LikeToggleDto` from Array value (token `JsonToken.START_ARRAY`)]
2025-02-41 18:50 o.s.w.s.m.s.DefaultHandlerExceptionResolver-Resolved [org.springframework.http.converter.HttpMessageNotReadableException: JSON parse error: Cannot deserialize value of type `com.beyond.StomachForce.Post.dtos.LikeToggleDto` from Array value (token `JsonToken.START_ARRAY`)]
2025-02-41 18:50 o.s.w.s.m.s.DefaultHandlerExceptionResolver-Resolved [org.springframework.http.converter.HttpMessageNotReadableException: JSON parse error: Cannot deserialize value of type `com.beyond.StomachForce.Post.dtos.LikeToggleDto` from Array value (token `JsonToken.START_ARRAY`)]
2025-02-41 18:50 o.s.w.s.m.s.DefaultHandlerExceptionResolver-Resolved [org.springframework.http.converter.HttpMessageNotReadableException: JSON parse error: Cannot deserialize value of type `com.beyond.StomachForce.Post.dtos.LikeToggleDto` from Array value (token `JsonToken.START_ARRAY`)]
2025-02-41 18:50 o.s.w.s.m.s.DefaultHandlerExceptionResolver-Resolved [org.springframework.http.converter.HttpMessageNotReadableException: JSON parse error: Cannot deserialize value of type `com.beyond.StomachForce.Post.dtos.LikeToggleDto` from Array value (token `JsonToken.START_ARRAY`)]
2025-02-41 18:50 o.s.w.s.m.s.DefaultHandlerExceptionResolver-Resolved [org.springframework.http.converter.HttpMessageNotReadableException: JSON parse error: Cannot deserialize value of type `com.beyond.StomachForce.Post.dtos.LikeToggleDto` from Array value (token `JsonToken.START_ARRAY`)]
2025-02-41 18:50 o.s.w.s.m.s.DefaultHandlerExceptionResolver-Resolved [org.springframework.http.converter.HttpMessageNotReadableException: JSON parse error: Cannot deserialize value of type `com.beyond.StomachForce.Post.dtos.LikeToggleDto` from Array value (token `JsonToken.START_ARRAY`)]
2025-02-41 18:50 o.s.w.s.m.s.DefaultHandlerExceptionResolver-Resolved [org.springframework.http.converter.HttpMessageNotReadableException: JSON parse error: Cannot deserialize value of type `com.beyond.StomachForce.Post.dtos.LikeToggleDto` from Array value (token `JsonToken.START_ARRAY`)]
2025-02-41 18:50 o.s.w.s.m.s.DefaultHandlerExceptionResolver-Resolved [org.springframework.http.converter.HttpMessageNotReadableException: JSON parse error: Cannot deserialize value of type `com.beyond.StomachForce.Post.dtos.LikeToggleDto` from Array value (token `JsonToken.START_ARRAY`)]
2025-02-41 18:50 o.s.w.s.m.s.DefaultHandlerExceptionResolver-Resolved [org.springframework.http.converter.HttpMessageNotReadableException: JSON parse error: Cannot deserialize value of type `com.beyond.StomachForce.Post.dtos.LikeToggleDto` from Array value (token `JsonToken.START_ARRAY`)]
2025-02-41 18:50 o.s.w.s.m.s.DefaultHandlerExceptionResolver-Resolved [org.springframework.http.converter.HttpMessageNotReadableException: JSON parse error: Cannot deserialize value of type `com.beyond.StomachForce.Post.dtos.LikeToggleDto` from Array value (token `JsonToken.START_ARRAY`)]
2025-02-41 18:50 o.s.w.s.m.s.DefaultHandlerExceptionResolver-Resolved [org.springframework.http.converter.HttpMessageNotReadableException: JSON parse error: Cannot deserialize value of type `com.beyond.StomachForce.Post.dtos.LikeToggleDto` from Array value (token `JsonToken.START_ARRAY`)]
2025-02-41 18:50 o.s.w.s.m.s.DefaultHandlerExceptionResolver-Resolved [org.springframework.http.converter.HttpMessageNotReadableException: JSON parse error: Cannot deserialize value of type `com.beyond.StomachForce.Post.dtos.LikeToggleDto` from Array value (token `JsonToken.START_ARRAY`)]
2025-02-41 18:50 o.s.w.s.m.s.DefaultHandlerExceptionResolver-Resolved [org.springframework.http.converter.HttpMessageNotReadableException: JSON parse error: Cannot deserialize value of type `com.beyond.StomachForce.Post.dtos.LikeToggleDto` from Array value (token `JsonToken.START_ARRAY`)]
2025-02-41 18:50 o.s.w.s.m.s.DefaultHandlerExceptionResolver-Resolved [org.springframework.http.converter.HttpMessageNotReadableException: JSON parse error: Cannot deserialize value of type `com.beyond.StomachForce.Post.dtos.LikeToggleDto` from Array value (token `JsonToken.START_ARRAY`)]
2025-02-41 18:50 o.s.w.s.m.s.DefaultHandlerExceptionResolver-Resolved [org.springframework.http.converter.HttpMessageNotReadableException: JSON parse error: Cannot deserialize value of type `com.beyond.StomachForce.Post.dtos.LikeToggleDto` from Array value (token `JsonToken.START_ARRAY`)]
2025-02-41 21:21 com.zaxxer.hikari.pool.HikariPool-HikariPool-1 - Thread starvation or clock leap detected (housekeeper delta=2h17m25s225ms591µs200ns).
